// Vitest Snapshot v1, https://vitest.dev/guide/snapshot.html

exports[`GetArtistById > should get artist by id and return an artist 1`] = `
{
  "availableLanguages": [
    "english",
    "unknown",
    "spanish",
    "instrumental",
    "italian",
    "french",
    "portuguese",
    "hebrew",
    "dutch",
    "korean",
  ],
  "bio": [],
  "dob": "",
  "dominantLanguage": "english",
  "dominantType": "music director",
  "fanCount": "706746",
  "fb": "",
  "followerCount": Any<Number>,
  "id": "1274170",
  "image": [
    {
      "quality": "50x50",
      "url": "https://c.saavncdn.com/artists/Dua_Lipa_004_20231120090922_50x50.jpg",
    },
    {
      "quality": "150x150",
      "url": "https://c.saavncdn.com/artists/Dua_Lipa_004_20231120090922_150x150.jpg",
    },
    {
      "quality": "500x500",
      "url": "https://c.saavncdn.com/artists/Dua_Lipa_004_20231120090922_500x500.jpg",
    },
  ],
  "isRadioPresent": true,
  "isVerified": true,
  "name": "Dua Lipa",
  "similarArtists": [],
  "singles": Any<Array>,
  "topAlbums": Any<Array>,
  "topSongs": Any<Array>,
  "twitter": "",
  "type": "artist",
  "url": "https://www.jiosaavn.com/artist/dua-lipa/r-OWIKgpX2I_",
  "wiki": "",
}
`;
