// Vitest Snapshot v1, https://vitest.dev/guide/snapshot.html

exports[`GetArtistSongs > should get artist songs by artist id and return a list of songs 1`] = `
{
  "songs": [
    {
      "album": {
        "id": "28989509",
        "name": "Cold Heart (PNAU Remix)",
        "url": "https://www.jiosaavn.com/album/cold-heart-pnau-remix/-lf6ymojqKs_",
      },
      "artists": {
        "all": [
          {
            "id": "740046",
            "image": [
              {
                "quality": "50x50",
                "url": "https://c.saavncdn.com/603/Ene-English-2017-50x50.jpg",
              },
              {
                "quality": "150x150",
                "url": "https://c.saavncdn.com/603/Ene-English-2017-150x150.jpg",
              },
              {
                "quality": "500x500",
                "url": "https://c.saavncdn.com/603/Ene-English-2017-500x500.jpg",
              },
            ],
            "name": "Nicholas Littlemore",
            "role": "music",
            "type": "artist",
            "url": "https://www.jiosaavn.com/artist/nicholas-littlemore-songs/yr3Yogzc-KM_",
          },
          {
            "id": "612731",
            "image": [],
            "name": "Peter Mayes",
            "role": "music",
            "type": "artist",
            "url": "https://www.jiosaavn.com/artist/peter-mayes-songs/CQhhulZmt9c_",
          },
          {
            "id": "680520",
            "image": [],
            "name": "Sam Littlemore",
            "role": "music",
            "type": "artist",
            "url": "https://www.jiosaavn.com/artist/sam-littlemore-songs/d9ST8fsTGys_",
          },
          {
            "id": "518438",
            "image": [
              {
                "quality": "50x50",
                "url": "https://c.saavncdn.com/artists/Elton_John_50x50.jpg",
              },
              {
                "quality": "150x150",
                "url": "https://c.saavncdn.com/artists/Elton_John_150x150.jpg",
              },
              {
                "quality": "500x500",
                "url": "https://c.saavncdn.com/artists/Elton_John_500x500.jpg",
              },
            ],
            "name": "Elton John",
            "role": "music",
            "type": "artist",
            "url": "https://www.jiosaavn.com/artist/elton-john-songs/StFcDog7qS4_",
          },
          {
            "id": "518323",
            "image": [
              {
                "quality": "50x50",
                "url": "https://c.saavncdn.com/008/He-Who-Rides-The-Tiger-English-1980-50x50.jpg",
              },
              {
                "quality": "150x150",
                "url": "https://c.saavncdn.com/008/He-Who-Rides-The-Tiger-English-1980-150x150.jpg",
              },
              {
                "quality": "500x500",
                "url": "https://c.saavncdn.com/008/He-Who-Rides-The-Tiger-English-1980-500x500.jpg",
              },
            ],
            "name": "Bernie Taupin",
            "role": "music",
            "type": "artist",
            "url": "https://www.jiosaavn.com/artist/bernie-taupin-songs/z76mC1tqkPo_",
          },
          {
            "id": "679480",
            "image": [],
            "name": "Dean Meredith",
            "role": "music",
            "type": "artist",
            "url": "https://www.jiosaavn.com/artist/dean-meredith-songs/V1SJ2M4lFs4_",
          },
          {
            "id": "679479",
            "image": [],
            "name": "Andrew Meecham",
            "role": "music",
            "type": "artist",
            "url": "https://www.jiosaavn.com/artist/andrew-meecham-songs/AHAW0T4nqNo_",
          },
          {
            "id": "518438",
            "image": [
              {
                "quality": "50x50",
                "url": "https://c.saavncdn.com/artists/Elton_John_50x50.jpg",
              },
              {
                "quality": "150x150",
                "url": "https://c.saavncdn.com/artists/Elton_John_150x150.jpg",
              },
              {
                "quality": "500x500",
                "url": "https://c.saavncdn.com/artists/Elton_John_500x500.jpg",
              },
            ],
            "name": "Elton John",
            "role": "singer",
            "type": "artist",
            "url": "https://www.jiosaavn.com/artist/elton-john-songs/StFcDog7qS4_",
          },
          {
            "id": "1274170",
            "image": [
              {
                "quality": "50x50",
                "url": "https://c.saavncdn.com/artists/Dua_Lipa_004_20231120090922_50x50.jpg",
              },
              {
                "quality": "150x150",
                "url": "https://c.saavncdn.com/artists/Dua_Lipa_004_20231120090922_150x150.jpg",
              },
              {
                "quality": "500x500",
                "url": "https://c.saavncdn.com/artists/Dua_Lipa_004_20231120090922_500x500.jpg",
              },
            ],
            "name": "Dua Lipa",
            "role": "singer",
            "type": "artist",
            "url": "https://www.jiosaavn.com/artist/dua-lipa-songs/r-OWIKgpX2I_",
          },
          {
            "id": "740046",
            "image": [
              {
                "quality": "50x50",
                "url": "https://c.saavncdn.com/603/Ene-English-2017-50x50.jpg",
              },
              {
                "quality": "150x150",
                "url": "https://c.saavncdn.com/603/Ene-English-2017-150x150.jpg",
              },
              {
                "quality": "500x500",
                "url": "https://c.saavncdn.com/603/Ene-English-2017-500x500.jpg",
              },
            ],
            "name": "Nicholas Littlemore",
            "role": "lyricist",
            "type": "artist",
            "url": "https://www.jiosaavn.com/artist/nicholas-littlemore-songs/yr3Yogzc-KM_",
          },
          {
            "id": "612731",
            "image": [],
            "name": "Peter Mayes",
            "role": "lyricist",
            "type": "artist",
            "url": "https://www.jiosaavn.com/artist/peter-mayes-songs/CQhhulZmt9c_",
          },
          {
            "id": "680520",
            "image": [],
            "name": "Sam Littlemore",
            "role": "lyricist",
            "type": "artist",
            "url": "https://www.jiosaavn.com/artist/sam-littlemore-songs/d9ST8fsTGys_",
          },
          {
            "id": "518438",
            "image": [
              {
                "quality": "50x50",
                "url": "https://c.saavncdn.com/artists/Elton_John_50x50.jpg",
              },
              {
                "quality": "150x150",
                "url": "https://c.saavncdn.com/artists/Elton_John_150x150.jpg",
              },
              {
                "quality": "500x500",
                "url": "https://c.saavncdn.com/artists/Elton_John_500x500.jpg",
              },
            ],
            "name": "Elton John",
            "role": "lyricist",
            "type": "artist",
            "url": "https://www.jiosaavn.com/artist/elton-john-songs/StFcDog7qS4_",
          },
          {
            "id": "518323",
            "image": [
              {
                "quality": "50x50",
                "url": "https://c.saavncdn.com/008/He-Who-Rides-The-Tiger-English-1980-50x50.jpg",
              },
              {
                "quality": "150x150",
                "url": "https://c.saavncdn.com/008/He-Who-Rides-The-Tiger-English-1980-150x150.jpg",
              },
              {
                "quality": "500x500",
                "url": "https://c.saavncdn.com/008/He-Who-Rides-The-Tiger-English-1980-500x500.jpg",
              },
            ],
            "name": "Bernie Taupin",
            "role": "lyricist",
            "type": "artist",
            "url": "https://www.jiosaavn.com/artist/bernie-taupin-songs/z76mC1tqkPo_",
          },
          {
            "id": "679480",
            "image": [],
            "name": "Dean Meredith",
            "role": "lyricist",
            "type": "artist",
            "url": "https://www.jiosaavn.com/artist/dean-meredith-songs/V1SJ2M4lFs4_",
          },
          {
            "id": "679479",
            "image": [],
            "name": "Andrew Meecham",
            "role": "lyricist",
            "type": "artist",
            "url": "https://www.jiosaavn.com/artist/andrew-meecham-songs/AHAW0T4nqNo_",
          },
        ],
        "featured": [],
        "primary": [
          {
            "id": "518438",
            "image": [
              {
                "quality": "50x50",
                "url": "https://c.saavncdn.com/artists/Elton_John_50x50.jpg",
              },
              {
                "quality": "150x150",
                "url": "https://c.saavncdn.com/artists/Elton_John_150x150.jpg",
              },
              {
                "quality": "500x500",
                "url": "https://c.saavncdn.com/artists/Elton_John_500x500.jpg",
              },
            ],
            "name": "Elton John",
            "role": "primary_artists",
            "type": "artist",
            "url": "https://www.jiosaavn.com/artist/elton-john-songs/StFcDog7qS4_",
          },
          {
            "id": "1274170",
            "image": [
              {
                "quality": "50x50",
                "url": "https://c.saavncdn.com/artists/Dua_Lipa_004_20231120090922_50x50.jpg",
              },
              {
                "quality": "150x150",
                "url": "https://c.saavncdn.com/artists/Dua_Lipa_004_20231120090922_150x150.jpg",
              },
              {
                "quality": "500x500",
                "url": "https://c.saavncdn.com/artists/Dua_Lipa_004_20231120090922_500x500.jpg",
              },
            ],
            "name": "Dua Lipa",
            "role": "primary_artists",
            "type": "artist",
            "url": "https://www.jiosaavn.com/artist/dua-lipa-songs/r-OWIKgpX2I_",
          },
        ],
      },
      "copyright": "℗ 2021 Mercury Records Limited",
      "downloadUrl": [
        {
          "quality": "12kbps",
          "url": "https://aac.saavncdn.com/068/ad0857c556770bbdc2253367cdec5c0b_12.mp4",
        },
        {
          "quality": "48kbps",
          "url": "https://aac.saavncdn.com/068/ad0857c556770bbdc2253367cdec5c0b_48.mp4",
        },
        {
          "quality": "96kbps",
          "url": "https://aac.saavncdn.com/068/ad0857c556770bbdc2253367cdec5c0b_96.mp4",
        },
        {
          "quality": "160kbps",
          "url": "https://aac.saavncdn.com/068/ad0857c556770bbdc2253367cdec5c0b_160.mp4",
        },
        {
          "quality": "320kbps",
          "url": "https://aac.saavncdn.com/068/ad0857c556770bbdc2253367cdec5c0b_320.mp4",
        },
      ],
      "duration": 203,
      "explicitContent": false,
      "hasLyrics": true,
      "id": "bVmRokaM",
      "image": [
        {
          "quality": "50x50",
          "url": "https://c.saavncdn.com/068/Cold-Heart-PNAU-Remix--English-2021-20210813063534-50x50.jpg",
        },
        {
          "quality": "150x150",
          "url": "https://c.saavncdn.com/068/Cold-Heart-PNAU-Remix--English-2021-20210813063534-150x150.jpg",
        },
        {
          "quality": "500x500",
          "url": "https://c.saavncdn.com/068/Cold-Heart-PNAU-Remix--English-2021-20210813063534-500x500.jpg",
        },
      ],
      "label": "EMI",
      "language": "english",
      "lyricsId": null,
      "name": "Cold Heart (PNAU Remix)",
      "playCount": Any<Number>,
      "releaseDate": null,
      "type": "song",
      "url": "https://www.jiosaavn.com/song/cold-heart-pnau-remix/Ej4GYxtbVn4",
      "year": 2021,
    },
    {
      "album": {
        "id": "17775743",
        "name": "Don't Start Now",
        "url": "https://www.jiosaavn.com/album/dont-start-now/TsCzi79qEV4_",
      },
      "artists": {
        "all": [
          {
            "id": "1274170",
            "image": [
              {
                "quality": "50x50",
                "url": "https://c.saavncdn.com/artists/Dua_Lipa_004_20231120090922_50x50.jpg",
              },
              {
                "quality": "150x150",
                "url": "https://c.saavncdn.com/artists/Dua_Lipa_004_20231120090922_150x150.jpg",
              },
              {
                "quality": "500x500",
                "url": "https://c.saavncdn.com/artists/Dua_Lipa_004_20231120090922_500x500.jpg",
              },
            ],
            "name": "Dua Lipa",
            "role": "singer",
            "type": "artist",
            "url": "https://www.jiosaavn.com/artist/dua-lipa-songs/r-OWIKgpX2I_",
          },
        ],
        "featured": [],
        "primary": [
          {
            "id": "1274170",
            "image": [
              {
                "quality": "50x50",
                "url": "https://c.saavncdn.com/artists/Dua_Lipa_004_20231120090922_50x50.jpg",
              },
              {
                "quality": "150x150",
                "url": "https://c.saavncdn.com/artists/Dua_Lipa_004_20231120090922_150x150.jpg",
              },
              {
                "quality": "500x500",
                "url": "https://c.saavncdn.com/artists/Dua_Lipa_004_20231120090922_500x500.jpg",
              },
            ],
            "name": "Dua Lipa",
            "role": "primary_artists",
            "type": "artist",
            "url": "https://www.jiosaavn.com/artist/dua-lipa-songs/r-OWIKgpX2I_",
          },
        ],
      },
      "copyright": "℗ 2019 Dua Lipa Limited under exclusive license to Warner Records UK, a division of Warner Music UK Limited",
      "downloadUrl": [
        {
          "quality": "12kbps",
          "url": "https://aac.saavncdn.com/175/ebe4bde7f08c39cc9f98596f9b0d943f_12.mp4",
        },
        {
          "quality": "48kbps",
          "url": "https://aac.saavncdn.com/175/ebe4bde7f08c39cc9f98596f9b0d943f_48.mp4",
        },
        {
          "quality": "96kbps",
          "url": "https://aac.saavncdn.com/175/ebe4bde7f08c39cc9f98596f9b0d943f_96.mp4",
        },
        {
          "quality": "160kbps",
          "url": "https://aac.saavncdn.com/175/ebe4bde7f08c39cc9f98596f9b0d943f_160.mp4",
        },
        {
          "quality": "320kbps",
          "url": "https://aac.saavncdn.com/175/ebe4bde7f08c39cc9f98596f9b0d943f_320.mp4",
        },
      ],
      "duration": 183,
      "explicitContent": false,
      "hasLyrics": false,
      "id": "zZJpWbCG",
      "image": [
        {
          "quality": "50x50",
          "url": "https://c.saavncdn.com/175/Don-t-Start-Now-English-2019-20231110075133-50x50.jpg",
        },
        {
          "quality": "150x150",
          "url": "https://c.saavncdn.com/175/Don-t-Start-Now-English-2019-20231110075133-150x150.jpg",
        },
        {
          "quality": "500x500",
          "url": "https://c.saavncdn.com/175/Don-t-Start-Now-English-2019-20231110075133-500x500.jpg",
        },
      ],
      "label": "Warner Records",
      "language": "english",
      "lyricsId": null,
      "name": "Don't Start Now",
      "playCount": Any<Number>,
      "releaseDate": null,
      "type": "song",
      "url": "https://www.jiosaavn.com/song/dont-start-now/CjIhQSNSdHQ",
      "year": 2019,
    },
    {
      "album": {
        "id": "23241654",
        "name": "Future Nostalgia",
        "url": "https://www.jiosaavn.com/album/future-nostalgia/ITIyo-GDr7A_",
      },
      "artists": {
        "all": [
          {
            "id": "573802",
            "image": [],
            "name": "Clarence Coffee Jr",
            "role": "music",
            "type": "artist",
            "url": "https://www.jiosaavn.com/artist/clarence-coffee-jr-songs/2mX96rBxCYU_",
          },
          {
            "id": "1274170",
            "image": [
              {
                "quality": "50x50",
                "url": "https://c.saavncdn.com/artists/Dua_Lipa_004_20231120090922_50x50.jpg",
              },
              {
                "quality": "150x150",
                "url": "https://c.saavncdn.com/artists/Dua_Lipa_004_20231120090922_150x150.jpg",
              },
              {
                "quality": "500x500",
                "url": "https://c.saavncdn.com/artists/Dua_Lipa_004_20231120090922_500x500.jpg",
              },
            ],
            "name": "Dua Lipa",
            "role": "music",
            "type": "artist",
            "url": "https://www.jiosaavn.com/artist/dua-lipa-songs/r-OWIKgpX2I_",
          },
          {
            "id": "591993",
            "image": [
              {
                "quality": "50x50",
                "url": "https://c.saavncdn.com/949/Teen-Beach-Movie-English-2013-50x50.jpg",
              },
              {
                "quality": "150x150",
                "url": "https://c.saavncdn.com/949/Teen-Beach-Movie-English-2013-150x150.jpg",
              },
              {
                "quality": "500x500",
                "url": "https://c.saavncdn.com/949/Teen-Beach-Movie-English-2013-500x500.jpg",
              },
            ],
            "name": "Jason Evigan",
            "role": "music",
            "type": "artist",
            "url": "https://www.jiosaavn.com/artist/jason-evigan-songs/,zVmyXajdpg_",
          },
          {
            "id": "702498",
            "image": [
              {
                "quality": "50x50",
                "url": "https://c.saavncdn.com/587/Gypsy-Girl-A-Cappella--English-2017-20191123100913-50x50.jpg",
              },
              {
                "quality": "150x150",
                "url": "https://c.saavncdn.com/587/Gypsy-Girl-A-Cappella--English-2017-20191123100913-150x150.jpg",
              },
              {
                "quality": "500x500",
                "url": "https://c.saavncdn.com/587/Gypsy-Girl-A-Cappella--English-2017-20191123100913-500x500.jpg",
              },
            ],
            "name": "Sarah Hudson",
            "role": "music",
            "type": "artist",
            "url": "https://www.jiosaavn.com/artist/sarah-hudson-songs/pW4Y,NKAPPI_",
          },
          {
            "id": "1274170",
            "image": [
              {
                "quality": "50x50",
                "url": "https://c.saavncdn.com/artists/Dua_Lipa_004_20231120090922_50x50.jpg",
              },
              {
                "quality": "150x150",
                "url": "https://c.saavncdn.com/artists/Dua_Lipa_004_20231120090922_150x150.jpg",
              },
              {
                "quality": "500x500",
                "url": "https://c.saavncdn.com/artists/Dua_Lipa_004_20231120090922_500x500.jpg",
              },
            ],
            "name": "Dua Lipa",
            "role": "singer",
            "type": "artist",
            "url": "https://www.jiosaavn.com/artist/dua-lipa-songs/r-OWIKgpX2I_",
          },
        ],
        "featured": [],
        "primary": [
          {
            "id": "1274170",
            "image": [
              {
                "quality": "50x50",
                "url": "https://c.saavncdn.com/artists/Dua_Lipa_004_20231120090922_50x50.jpg",
              },
              {
                "quality": "150x150",
                "url": "https://c.saavncdn.com/artists/Dua_Lipa_004_20231120090922_150x150.jpg",
              },
              {
                "quality": "500x500",
                "url": "https://c.saavncdn.com/artists/Dua_Lipa_004_20231120090922_500x500.jpg",
              },
            ],
            "name": "Dua Lipa",
            "role": "primary_artists",
            "type": "artist",
            "url": "https://www.jiosaavn.com/artist/dua-lipa-songs/r-OWIKgpX2I_",
          },
        ],
      },
      "copyright": "℗ 2020 Dua Lipa Limited under exclusive license to Warner Records UK, a division of Warner Music UK Limited",
      "downloadUrl": [
        {
          "quality": "12kbps",
          "url": "https://aac.saavncdn.com/665/f59adc61cad30842d5d32aad77ef76cc_12.mp4",
        },
        {
          "quality": "48kbps",
          "url": "https://aac.saavncdn.com/665/f59adc61cad30842d5d32aad77ef76cc_48.mp4",
        },
        {
          "quality": "96kbps",
          "url": "https://aac.saavncdn.com/665/f59adc61cad30842d5d32aad77ef76cc_96.mp4",
        },
        {
          "quality": "160kbps",
          "url": "https://aac.saavncdn.com/665/f59adc61cad30842d5d32aad77ef76cc_160.mp4",
        },
        {
          "quality": "320kbps",
          "url": "https://aac.saavncdn.com/665/f59adc61cad30842d5d32aad77ef76cc_320.mp4",
        },
      ],
      "duration": 193,
      "explicitContent": true,
      "hasLyrics": false,
      "id": "0LqLnJyM",
      "image": [
        {
          "quality": "50x50",
          "url": "https://c.saavncdn.com/665/Future-Nostalgia-English-2020-20231110075246-50x50.jpg",
        },
        {
          "quality": "150x150",
          "url": "https://c.saavncdn.com/665/Future-Nostalgia-English-2020-20231110075246-150x150.jpg",
        },
        {
          "quality": "500x500",
          "url": "https://c.saavncdn.com/665/Future-Nostalgia-English-2020-20231110075246-500x500.jpg",
        },
      ],
      "label": "Warner Records",
      "language": "english",
      "lyricsId": null,
      "name": "Physical",
      "playCount": Any<Number>,
      "releaseDate": null,
      "type": "song",
      "url": "https://www.jiosaavn.com/song/physical/QCQafRp6Tn4",
      "year": 2020,
    },
    {
      "album": {
        "id": "23179815",
        "name": "Fever",
        "url": "https://www.jiosaavn.com/album/fever/VwbbBh,WVQ0_",
      },
      "artists": {
        "all": [
          {
            "id": "2061563",
            "image": [
              {
                "quality": "50x50",
                "url": "https://c.saavncdn.com/566/La-Thune-French-2018-20180618230755-50x50.jpg",
              },
              {
                "quality": "150x150",
                "url": "https://c.saavncdn.com/566/La-Thune-French-2018-20180618230755-150x150.jpg",
              },
              {
                "quality": "500x500",
                "url": "https://c.saavncdn.com/566/La-Thune-French-2018-20180618230755-500x500.jpg",
              },
            ],
            "name": "Angele",
            "role": "music",
            "type": "artist",
            "url": "https://www.jiosaavn.com/artist/angele-songs/CTAPmcDBz3g_",
          },
          {
            "id": "776593",
            "image": [],
            "name": "Caroline Ailin",
            "role": "music",
            "type": "artist",
            "url": "https://www.jiosaavn.com/artist/caroline-ailin-songs/ksTT3ixnrvU_",
          },
          {
            "id": "1274170",
            "image": [
              {
                "quality": "50x50",
                "url": "https://c.saavncdn.com/artists/Dua_Lipa_004_20231120090922_50x50.jpg",
              },
              {
                "quality": "150x150",
                "url": "https://c.saavncdn.com/artists/Dua_Lipa_004_20231120090922_150x150.jpg",
              },
              {
                "quality": "500x500",
                "url": "https://c.saavncdn.com/artists/Dua_Lipa_004_20231120090922_500x500.jpg",
              },
            ],
            "name": "Dua Lipa",
            "role": "music",
            "type": "artist",
            "url": "https://www.jiosaavn.com/artist/dua-lipa-songs/r-OWIKgpX2I_",
          },
          {
            "id": "577489",
            "image": [],
            "name": "Ian Kirkpatrick",
            "role": "music",
            "type": "artist",
            "url": "https://www.jiosaavn.com/artist/ian-kirkpatrick-songs/zsvJSi5q-As_",
          },
          {
            "id": "570206",
            "image": [],
            "name": "Jacob Kasher Hindlin",
            "role": "music",
            "type": "artist",
            "url": "https://www.jiosaavn.com/artist/jacob-kasher-hindlin-songs/anqSKuozjn0_",
          },
          {
            "id": "672852",
            "image": [
              {
                "quality": "50x50",
                "url": "https://c.saavncdn.com/artists/Julia_Michaels_20200220103730_50x50.jpg",
              },
              {
                "quality": "150x150",
                "url": "https://c.saavncdn.com/artists/Julia_Michaels_20200220103730_150x150.jpg",
              },
              {
                "quality": "500x500",
                "url": "https://c.saavncdn.com/artists/Julia_Michaels_20200220103730_500x500.jpg",
              },
            ],
            "name": "Julia Michaels",
            "role": "music",
            "type": "artist",
            "url": "https://www.jiosaavn.com/artist/julia-michaels-songs/OboBJBVTzgs_",
          },
          {
            "id": "1274170",
            "image": [
              {
                "quality": "50x50",
                "url": "https://c.saavncdn.com/artists/Dua_Lipa_004_20231120090922_50x50.jpg",
              },
              {
                "quality": "150x150",
                "url": "https://c.saavncdn.com/artists/Dua_Lipa_004_20231120090922_150x150.jpg",
              },
              {
                "quality": "500x500",
                "url": "https://c.saavncdn.com/artists/Dua_Lipa_004_20231120090922_500x500.jpg",
              },
            ],
            "name": "Dua Lipa",
            "role": "singer",
            "type": "artist",
            "url": "https://www.jiosaavn.com/artist/dua-lipa-songs/r-OWIKgpX2I_",
          },
          {
            "id": "2061563",
            "image": [
              {
                "quality": "50x50",
                "url": "https://c.saavncdn.com/566/La-Thune-French-2018-20180618230755-50x50.jpg",
              },
              {
                "quality": "150x150",
                "url": "https://c.saavncdn.com/566/La-Thune-French-2018-20180618230755-150x150.jpg",
              },
              {
                "quality": "500x500",
                "url": "https://c.saavncdn.com/566/La-Thune-French-2018-20180618230755-500x500.jpg",
              },
            ],
            "name": "Angele",
            "role": "singer",
            "type": "artist",
            "url": "https://www.jiosaavn.com/artist/angele-songs/CTAPmcDBz3g_",
          },
        ],
        "featured": [],
        "primary": [
          {
            "id": "1274170",
            "image": [
              {
                "quality": "50x50",
                "url": "https://c.saavncdn.com/artists/Dua_Lipa_004_20231120090922_50x50.jpg",
              },
              {
                "quality": "150x150",
                "url": "https://c.saavncdn.com/artists/Dua_Lipa_004_20231120090922_150x150.jpg",
              },
              {
                "quality": "500x500",
                "url": "https://c.saavncdn.com/artists/Dua_Lipa_004_20231120090922_500x500.jpg",
              },
            ],
            "name": "Dua Lipa",
            "role": "primary_artists",
            "type": "artist",
            "url": "https://www.jiosaavn.com/artist/dua-lipa-songs/r-OWIKgpX2I_",
          },
          {
            "id": "2061563",
            "image": [
              {
                "quality": "50x50",
                "url": "https://c.saavncdn.com/566/La-Thune-French-2018-20180618230755-50x50.jpg",
              },
              {
                "quality": "150x150",
                "url": "https://c.saavncdn.com/566/La-Thune-French-2018-20180618230755-150x150.jpg",
              },
              {
                "quality": "500x500",
                "url": "https://c.saavncdn.com/566/La-Thune-French-2018-20180618230755-500x500.jpg",
              },
            ],
            "name": "Angele",
            "role": "primary_artists",
            "type": "artist",
            "url": "https://www.jiosaavn.com/artist/angele-songs/CTAPmcDBz3g_",
          },
        ],
      },
      "copyright": "Under exclusive license to Warner Records UK, a division of Warner Music UK Limited, ℗ 2020  Dua Lipa Limited",
      "downloadUrl": [
        {
          "quality": "12kbps",
          "url": "https://aac.saavncdn.com/718/ceda5a7cc020386e8b1a511956036db9_12.mp4",
        },
        {
          "quality": "48kbps",
          "url": "https://aac.saavncdn.com/718/ceda5a7cc020386e8b1a511956036db9_48.mp4",
        },
        {
          "quality": "96kbps",
          "url": "https://aac.saavncdn.com/718/ceda5a7cc020386e8b1a511956036db9_96.mp4",
        },
        {
          "quality": "160kbps",
          "url": "https://aac.saavncdn.com/718/ceda5a7cc020386e8b1a511956036db9_160.mp4",
        },
        {
          "quality": "320kbps",
          "url": "https://aac.saavncdn.com/718/ceda5a7cc020386e8b1a511956036db9_320.mp4",
        },
      ],
      "duration": 156,
      "explicitContent": false,
      "hasLyrics": false,
      "id": "Fn6VNc8D",
      "image": [
        {
          "quality": "50x50",
          "url": "https://c.saavncdn.com/718/Fever-English-2020-20231110075053-50x50.jpg",
        },
        {
          "quality": "150x150",
          "url": "https://c.saavncdn.com/718/Fever-English-2020-20231110075053-150x150.jpg",
        },
        {
          "quality": "500x500",
          "url": "https://c.saavncdn.com/718/Fever-English-2020-20231110075053-500x500.jpg",
        },
      ],
      "label": "Warner Records",
      "language": "english",
      "lyricsId": null,
      "name": "Fever",
      "playCount": Any<Number>,
      "releaseDate": null,
      "type": "song",
      "url": "https://www.jiosaavn.com/song/fever/NgZdZzpTD3c",
      "year": 2020,
    },
    {
      "album": {
        "id": "23241654",
        "name": "Future Nostalgia",
        "url": "https://www.jiosaavn.com/album/future-nostalgia/ITIyo-GDr7A_",
      },
      "artists": {
        "all": [
          {
            "id": "566701",
            "image": [],
            "name": "Ali Tamposi",
            "role": "music",
            "type": "artist",
            "url": "https://www.jiosaavn.com/artist/ali-tamposi-songs/uXzfkjl2h6g_",
          },
          {
            "id": "571060",
            "image": [
              {
                "quality": "50x50",
                "url": "https://c.saavncdn.com/509/Come-Midnight-English-2019-20200105085014-50x50.jpg",
              },
              {
                "quality": "150x150",
                "url": "https://c.saavncdn.com/509/Come-Midnight-English-2019-20200105085014-150x150.jpg",
              },
              {
                "quality": "500x500",
                "url": "https://c.saavncdn.com/509/Come-Midnight-English-2019-20200105085014-500x500.jpg",
              },
            ],
            "name": "Andrew Farriss",
            "role": "music",
            "type": "artist",
            "url": "https://www.jiosaavn.com/artist/andrew-farriss-songs/3eWWFeRs4ls_",
          },
          {
            "id": "1256966",
            "image": [
              {
                "quality": "50x50",
                "url": "https://c.saavncdn.com/714/On-My-Own-English-2008-50x50.jpg",
              },
              {
                "quality": "150x150",
                "url": "https://c.saavncdn.com/714/On-My-Own-English-2008-150x150.jpg",
              },
              {
                "quality": "500x500",
                "url": "https://c.saavncdn.com/714/On-My-Own-English-2008-500x500.jpg",
              },
            ],
            "name": "Andrew Wotman",
            "role": "music",
            "type": "artist",
            "url": "https://www.jiosaavn.com/artist/andrew-wotman-songs/IKutWGGxYdI_",
          },
          {
            "id": "1274170",
            "image": [
              {
                "quality": "50x50",
                "url": "https://c.saavncdn.com/artists/Dua_Lipa_004_20231120090922_50x50.jpg",
              },
              {
                "quality": "150x150",
                "url": "https://c.saavncdn.com/artists/Dua_Lipa_004_20231120090922_150x150.jpg",
              },
              {
                "quality": "500x500",
                "url": "https://c.saavncdn.com/artists/Dua_Lipa_004_20231120090922_500x500.jpg",
              },
            ],
            "name": "Dua Lipa",
            "role": "music",
            "type": "artist",
            "url": "https://www.jiosaavn.com/artist/dua-lipa-songs/r-OWIKgpX2I_",
          },
          {
            "id": "1825828",
            "image": [],
            "name": "Jordan K. Johnson",
            "role": "music",
            "type": "artist",
            "url": "https://www.jiosaavn.com/artist/jordan-k.-johnson-songs/9iT4-qqOwIM_",
          },
          {
            "id": "567384",
            "image": [
              {
                "quality": "50x50",
                "url": "https://c.saavncdn.com/675/Never-Tear-Us-Apart-English-2019-20190703230855-50x50.jpg",
              },
              {
                "quality": "150x150",
                "url": "https://c.saavncdn.com/675/Never-Tear-Us-Apart-English-2019-20190703230855-150x150.jpg",
              },
              {
                "quality": "500x500",
                "url": "https://c.saavncdn.com/675/Never-Tear-Us-Apart-English-2019-20190703230855-500x500.jpg",
              },
            ],
            "name": "Michael Hutchence",
            "role": "music",
            "type": "artist",
            "url": "https://www.jiosaavn.com/artist/michael-hutchence-songs/T-MHZIru9-Q_",
          },
          {
            "id": "672854",
            "image": [
              {
                "quality": "50x50",
                "url": "https://c.saavncdn.com/613/Sophia-Grace-Rosie-s-Royal-Adventure-English-2014-50x50.jpg",
              },
              {
                "quality": "150x150",
                "url": "https://c.saavncdn.com/613/Sophia-Grace-Rosie-s-Royal-Adventure-English-2014-150x150.jpg",
              },
              {
                "quality": "500x500",
                "url": "https://c.saavncdn.com/613/Sophia-Grace-Rosie-s-Royal-Adventure-English-2014-500x500.jpg",
              },
            ],
            "name": "Stefan Johnson",
            "role": "music",
            "type": "artist",
            "url": "https://www.jiosaavn.com/artist/stefan-johnson-songs/J2c,DBR4dso_",
          },
          {
            "id": "1274170",
            "image": [
              {
                "quality": "50x50",
                "url": "https://c.saavncdn.com/artists/Dua_Lipa_004_20231120090922_50x50.jpg",
              },
              {
                "quality": "150x150",
                "url": "https://c.saavncdn.com/artists/Dua_Lipa_004_20231120090922_150x150.jpg",
              },
              {
                "quality": "500x500",
                "url": "https://c.saavncdn.com/artists/Dua_Lipa_004_20231120090922_500x500.jpg",
              },
            ],
            "name": "Dua Lipa",
            "role": "singer",
            "type": "artist",
            "url": "https://www.jiosaavn.com/artist/dua-lipa-songs/r-OWIKgpX2I_",
          },
        ],
        "featured": [],
        "primary": [
          {
            "id": "1274170",
            "image": [
              {
                "quality": "50x50",
                "url": "https://c.saavncdn.com/artists/Dua_Lipa_004_20231120090922_50x50.jpg",
              },
              {
                "quality": "150x150",
                "url": "https://c.saavncdn.com/artists/Dua_Lipa_004_20231120090922_150x150.jpg",
              },
              {
                "quality": "500x500",
                "url": "https://c.saavncdn.com/artists/Dua_Lipa_004_20231120090922_500x500.jpg",
              },
            ],
            "name": "Dua Lipa",
            "role": "primary_artists",
            "type": "artist",
            "url": "https://www.jiosaavn.com/artist/dua-lipa-songs/r-OWIKgpX2I_",
          },
        ],
      },
      "copyright": "℗ 2020  Dua Lipa Limited under exclusive license to Warner Records UK, a division of Warner Music UK Limited",
      "downloadUrl": [
        {
          "quality": "12kbps",
          "url": "https://aac.saavncdn.com/665/bd2f1f23571e3b431bdc18d26d89ea25_12.mp4",
        },
        {
          "quality": "48kbps",
          "url": "https://aac.saavncdn.com/665/bd2f1f23571e3b431bdc18d26d89ea25_48.mp4",
        },
        {
          "quality": "96kbps",
          "url": "https://aac.saavncdn.com/665/bd2f1f23571e3b431bdc18d26d89ea25_96.mp4",
        },
        {
          "quality": "160kbps",
          "url": "https://aac.saavncdn.com/665/bd2f1f23571e3b431bdc18d26d89ea25_160.mp4",
        },
        {
          "quality": "320kbps",
          "url": "https://aac.saavncdn.com/665/bd2f1f23571e3b431bdc18d26d89ea25_320.mp4",
        },
      ],
      "duration": 221,
      "explicitContent": true,
      "hasLyrics": false,
      "id": "4u1DDB-A",
      "image": [
        {
          "quality": "50x50",
          "url": "https://c.saavncdn.com/665/Future-Nostalgia-English-2020-20231110075246-50x50.jpg",
        },
        {
          "quality": "150x150",
          "url": "https://c.saavncdn.com/665/Future-Nostalgia-English-2020-20231110075246-150x150.jpg",
        },
        {
          "quality": "500x500",
          "url": "https://c.saavncdn.com/665/Future-Nostalgia-English-2020-20231110075246-500x500.jpg",
        },
      ],
      "label": "Warner Records",
      "language": "english",
      "lyricsId": null,
      "name": "Break My Heart",
      "playCount": Any<Number>,
      "releaseDate": null,
      "type": "song",
      "url": "https://www.jiosaavn.com/song/break-my-heart/RB1adTByGnI",
      "year": 2020,
    },
    {
      "album": {
        "id": "33385974",
        "name": "Sweetest Pie",
        "url": "https://www.jiosaavn.com/album/sweetest-pie/ss46EdCRRj8_",
      },
      "artists": {
        "all": [
          {
            "id": "3622301",
            "image": [
              {
                "quality": "50x50",
                "url": "https://c.saavncdn.com/734/Hot-Girl-Summer-feat-Nicki-Minaj-Ty-Dolla-ign--English-2019-20190809161107-50x50.jpg",
              },
              {
                "quality": "150x150",
                "url": "https://c.saavncdn.com/734/Hot-Girl-Summer-feat-Nicki-Minaj-Ty-Dolla-ign--English-2019-20190809161107-150x150.jpg",
              },
              {
                "quality": "500x500",
                "url": "https://c.saavncdn.com/734/Hot-Girl-Summer-feat-Nicki-Minaj-Ty-Dolla-ign--English-2019-20190809161107-500x500.jpg",
              },
            ],
            "name": "Megan Thee Stallion",
            "role": "singer",
            "type": "artist",
            "url": "https://www.jiosaavn.com/artist/megan-thee-stallion-songs/aobbyrFG,rE_",
          },
          {
            "id": "1274170",
            "image": [
              {
                "quality": "50x50",
                "url": "https://c.saavncdn.com/artists/Dua_Lipa_004_20231120090922_50x50.jpg",
              },
              {
                "quality": "150x150",
                "url": "https://c.saavncdn.com/artists/Dua_Lipa_004_20231120090922_150x150.jpg",
              },
              {
                "quality": "500x500",
                "url": "https://c.saavncdn.com/artists/Dua_Lipa_004_20231120090922_500x500.jpg",
              },
            ],
            "name": "Dua Lipa",
            "role": "singer",
            "type": "artist",
            "url": "https://www.jiosaavn.com/artist/dua-lipa-songs/r-OWIKgpX2I_",
          },
          {
            "id": "825030",
            "image": [
              {
                "quality": "50x50",
                "url": "https://c.saavncdn.com/305/Revelation-English-2019-20190410222806-50x50.jpg",
              },
              {
                "quality": "150x150",
                "url": "https://c.saavncdn.com/305/Revelation-English-2019-20190410222806-150x150.jpg",
              },
              {
                "quality": "500x500",
                "url": "https://c.saavncdn.com/305/Revelation-English-2019-20190410222806-500x500.jpg",
              },
            ],
            "name": "Clarence Coffee Jr.",
            "role": "lyricist",
            "type": "artist",
            "url": "https://www.jiosaavn.com/artist/clarence-coffee-jr.-songs/woRdMTkfuNE_",
          },
          {
            "id": "1274170",
            "image": [
              {
                "quality": "50x50",
                "url": "https://c.saavncdn.com/artists/Dua_Lipa_004_20231120090922_50x50.jpg",
              },
              {
                "quality": "150x150",
                "url": "https://c.saavncdn.com/artists/Dua_Lipa_004_20231120090922_150x150.jpg",
              },
              {
                "quality": "500x500",
                "url": "https://c.saavncdn.com/artists/Dua_Lipa_004_20231120090922_500x500.jpg",
              },
            ],
            "name": "Dua Lipa",
            "role": "lyricist",
            "type": "artist",
            "url": "https://www.jiosaavn.com/artist/dua-lipa-songs/r-OWIKgpX2I_",
          },
          {
            "id": "12967836",
            "image": [],
            "name": "John Walsh Homen",
            "role": "lyricist",
            "type": "artist",
            "url": "https://www.jiosaavn.com/artist/john-walsh-homen-songs/EcrekOZ-tnk_",
          },
          {
            "id": "12967837",
            "image": [],
            "name": "Joshua Isaiah Parker",
            "role": "lyricist",
            "type": "artist",
            "url": "https://www.jiosaavn.com/artist/joshua-isaiah-parker-songs/bExiGjwLoGQ_",
          },
          {
            "id": "3622302",
            "image": [],
            "name": "Megan Pete",
            "role": "lyricist",
            "type": "artist",
            "url": "https://www.jiosaavn.com/artist/megan-pete-songs/Kd56mj9RZ9E_",
          },
          {
            "id": "3872774",
            "image": [],
            "name": "Nija Aisha-Alayja Charles",
            "role": "lyricist",
            "type": "artist",
            "url": "https://www.jiosaavn.com/artist/nija-aisha-alayja-charles-songs/Yn,GUpEapIw_",
          },
          {
            "id": "12967838",
            "image": [],
            "name": "Oscar Leo-Christensen",
            "role": "lyricist",
            "type": "artist",
            "url": "https://www.jiosaavn.com/artist/oscar-leo-christensen-songs/Rv,o,qbJc9o_",
          },
          {
            "id": "702498",
            "image": [
              {
                "quality": "50x50",
                "url": "https://c.saavncdn.com/587/Gypsy-Girl-A-Cappella--English-2017-20191123100913-50x50.jpg",
              },
              {
                "quality": "150x150",
                "url": "https://c.saavncdn.com/587/Gypsy-Girl-A-Cappella--English-2017-20191123100913-150x150.jpg",
              },
              {
                "quality": "500x500",
                "url": "https://c.saavncdn.com/587/Gypsy-Girl-A-Cappella--English-2017-20191123100913-500x500.jpg",
              },
            ],
            "name": "Sarah Hudson",
            "role": "lyricist",
            "type": "artist",
            "url": "https://www.jiosaavn.com/artist/sarah-hudson-songs/pW4Y,NKAPPI_",
          },
          {
            "id": "599533",
            "image": [],
            "name": "Stephen Kozmeniuk",
            "role": "lyricist",
            "type": "artist",
            "url": "https://www.jiosaavn.com/artist/stephen-kozmeniuk-songs/lS1-2YuC5oc_",
          },
        ],
        "featured": [],
        "primary": [
          {
            "id": "3622301",
            "image": [
              {
                "quality": "50x50",
                "url": "https://c.saavncdn.com/734/Hot-Girl-Summer-feat-Nicki-Minaj-Ty-Dolla-ign--English-2019-20190809161107-50x50.jpg",
              },
              {
                "quality": "150x150",
                "url": "https://c.saavncdn.com/734/Hot-Girl-Summer-feat-Nicki-Minaj-Ty-Dolla-ign--English-2019-20190809161107-150x150.jpg",
              },
              {
                "quality": "500x500",
                "url": "https://c.saavncdn.com/734/Hot-Girl-Summer-feat-Nicki-Minaj-Ty-Dolla-ign--English-2019-20190809161107-500x500.jpg",
              },
            ],
            "name": "Megan Thee Stallion",
            "role": "primary_artists",
            "type": "artist",
            "url": "https://www.jiosaavn.com/artist/megan-thee-stallion-songs/aobbyrFG,rE_",
          },
          {
            "id": "1274170",
            "image": [
              {
                "quality": "50x50",
                "url": "https://c.saavncdn.com/artists/Dua_Lipa_004_20231120090922_50x50.jpg",
              },
              {
                "quality": "150x150",
                "url": "https://c.saavncdn.com/artists/Dua_Lipa_004_20231120090922_150x150.jpg",
              },
              {
                "quality": "500x500",
                "url": "https://c.saavncdn.com/artists/Dua_Lipa_004_20231120090922_500x500.jpg",
              },
            ],
            "name": "Dua Lipa",
            "role": "primary_artists",
            "type": "artist",
            "url": "https://www.jiosaavn.com/artist/dua-lipa-songs/r-OWIKgpX2I_",
          },
        ],
      },
      "copyright": "℗ 2022 1501 Certified Ent. LLC / 300 Entertainment",
      "downloadUrl": [
        {
          "quality": "12kbps",
          "url": "https://aac.saavncdn.com/298/17e96c9a08bff6cd2201856f64b2b1ed_12.mp4",
        },
        {
          "quality": "48kbps",
          "url": "https://aac.saavncdn.com/298/17e96c9a08bff6cd2201856f64b2b1ed_48.mp4",
        },
        {
          "quality": "96kbps",
          "url": "https://aac.saavncdn.com/298/17e96c9a08bff6cd2201856f64b2b1ed_96.mp4",
        },
        {
          "quality": "160kbps",
          "url": "https://aac.saavncdn.com/298/17e96c9a08bff6cd2201856f64b2b1ed_160.mp4",
        },
        {
          "quality": "320kbps",
          "url": "https://aac.saavncdn.com/298/17e96c9a08bff6cd2201856f64b2b1ed_320.mp4",
        },
      ],
      "duration": 201,
      "explicitContent": true,
      "hasLyrics": false,
      "id": "33AXQZ5i",
      "image": [
        {
          "quality": "50x50",
          "url": "https://c.saavncdn.com/298/Sweetest-Pie-English-2022-20240228151353-50x50.jpg",
        },
        {
          "quality": "150x150",
          "url": "https://c.saavncdn.com/298/Sweetest-Pie-English-2022-20240228151353-150x150.jpg",
        },
        {
          "quality": "500x500",
          "url": "https://c.saavncdn.com/298/Sweetest-Pie-English-2022-20240228151353-500x500.jpg",
        },
      ],
      "label": "300 Entertainment",
      "language": "english",
      "lyricsId": null,
      "name": "Sweetest Pie",
      "playCount": Any<Number>,
      "releaseDate": null,
      "type": "song",
      "url": "https://www.jiosaavn.com/song/sweetest-pie/Q1sqaSVqAlo",
      "year": 2022,
    },
    {
      "album": {
        "id": "13799781",
        "name": "Electricity",
        "url": "https://www.jiosaavn.com/album/electricity/LTFrcdHB0I0_",
      },
      "artists": {
        "all": [
          {
            "id": "1274170",
            "image": [
              {
                "quality": "50x50",
                "url": "https://c.saavncdn.com/artists/Dua_Lipa_004_20231120090922_50x50.jpg",
              },
              {
                "quality": "150x150",
                "url": "https://c.saavncdn.com/artists/Dua_Lipa_004_20231120090922_150x150.jpg",
              },
              {
                "quality": "500x500",
                "url": "https://c.saavncdn.com/artists/Dua_Lipa_004_20231120090922_500x500.jpg",
              },
            ],
            "name": "Dua Lipa",
            "role": "music",
            "type": "artist",
            "url": "https://www.jiosaavn.com/artist/dua-lipa-songs/r-OWIKgpX2I_",
          },
          {
            "id": "566374",
            "image": [
              {
                "quality": "50x50",
                "url": "https://c.saavncdn.com/artists/Mark_Ronson_50x50.jpg",
              },
              {
                "quality": "150x150",
                "url": "https://c.saavncdn.com/artists/Mark_Ronson_150x150.jpg",
              },
              {
                "quality": "500x500",
                "url": "https://c.saavncdn.com/artists/Mark_Ronson_500x500.jpg",
              },
            ],
            "name": "Mark Ronson",
            "role": "music",
            "type": "artist",
            "url": "https://www.jiosaavn.com/artist/mark-ronson-songs/MP3neLrI07M_",
          },
          {
            "id": "6100802",
            "image": [],
            "name": "Thomas Pentz",
            "role": "music",
            "type": "artist",
            "url": "https://www.jiosaavn.com/artist/thomas-pentz-songs/4EQZAHvmCoU_",
          },
          {
            "id": "580821",
            "image": [
              {
                "quality": "50x50",
                "url": "https://c.saavncdn.com/817/Becoming-English-2019-20191004060634-50x50.jpg",
              },
              {
                "quality": "150x150",
                "url": "https://c.saavncdn.com/817/Becoming-English-2019-20191004060634-150x150.jpg",
              },
              {
                "quality": "500x500",
                "url": "https://c.saavncdn.com/817/Becoming-English-2019-20191004060634-500x500.jpg",
              },
            ],
            "name": "Jr.",
            "role": "music",
            "type": "artist",
            "url": "https://www.jiosaavn.com/artist/jr.-songs/VnXKRZaZXTE_",
          },
          {
            "id": "610483",
            "image": [],
            "name": "Diana Gordon",
            "role": "music",
            "type": "artist",
            "url": "https://www.jiosaavn.com/artist/diana-gordon-songs/DyTW,HXuI9U_",
          },
          {
            "id": "775309",
            "image": [],
            "name": "Romy Madley Croft",
            "role": "music",
            "type": "artist",
            "url": "https://www.jiosaavn.com/artist/romy-madley-croft-songs/4pEUXf35rwM_",
          },
          {
            "id": "599435",
            "image": [],
            "name": "Philip Meckseper",
            "role": "music",
            "type": "artist",
            "url": "https://www.jiosaavn.com/artist/philip-meckseper-songs/OfYGr,YjNdE_",
          },
          {
            "id": "696616",
            "image": [],
            "name": "Jacob Olofsson",
            "role": "music",
            "type": "artist",
            "url": "https://www.jiosaavn.com/artist/jacob-olofsson-songs/FLmMx0sTKK4_",
          },
          {
            "id": "752872",
            "image": [],
            "name": "Rami Dawod",
            "role": "music",
            "type": "artist",
            "url": "https://www.jiosaavn.com/artist/rami-dawod-songs/jdNEw2Fqum4_",
          },
          {
            "id": "752873",
            "image": [],
            "name": "Maxime Picard",
            "role": "music",
            "type": "artist",
            "url": "https://www.jiosaavn.com/artist/maxime-picard-songs/3bfmrntqXwY_",
          },
          {
            "id": "",
            "image": [],
            "name": "Clement Picard",
            "role": "music",
            "type": "artist",
            "url": "https://www.jiosaavn.com/artist/clement-picard-songs/",
          },
          {
            "id": "1915946",
            "image": [
              {
                "quality": "50x50",
                "url": "https://c.saavncdn.com/360/Electricity-English-2018-20180906074251-50x50.jpg",
              },
              {
                "quality": "150x150",
                "url": "https://c.saavncdn.com/360/Electricity-English-2018-20180906074251-150x150.jpg",
              },
              {
                "quality": "500x500",
                "url": "https://c.saavncdn.com/360/Electricity-English-2018-20180906074251-500x500.jpg",
              },
            ],
            "name": "Silk City",
            "role": "singer",
            "type": "artist",
            "url": "https://www.jiosaavn.com/artist/silk-city-songs/qLymIcWldyY_",
          },
          {
            "id": "1274170",
            "image": [
              {
                "quality": "50x50",
                "url": "https://c.saavncdn.com/artists/Dua_Lipa_004_20231120090922_50x50.jpg",
              },
              {
                "quality": "150x150",
                "url": "https://c.saavncdn.com/artists/Dua_Lipa_004_20231120090922_150x150.jpg",
              },
              {
                "quality": "500x500",
                "url": "https://c.saavncdn.com/artists/Dua_Lipa_004_20231120090922_500x500.jpg",
              },
            ],
            "name": "Dua Lipa",
            "role": "singer",
            "type": "artist",
            "url": "https://www.jiosaavn.com/artist/dua-lipa-songs/r-OWIKgpX2I_",
          },
          {
            "id": "599061",
            "image": [
              {
                "quality": "50x50",
                "url": "https://c.saavncdn.com/artists/Diplo_001_20190423094336_50x50.jpg",
              },
              {
                "quality": "150x150",
                "url": "https://c.saavncdn.com/artists/Diplo_001_20190423094336_150x150.jpg",
              },
              {
                "quality": "500x500",
                "url": "https://c.saavncdn.com/artists/Diplo_001_20190423094336_500x500.jpg",
              },
            ],
            "name": "Diplo",
            "role": "singer",
            "type": "artist",
            "url": "https://www.jiosaavn.com/artist/diplo-songs/Sufxu-AWqU0_",
          },
          {
            "id": "566374",
            "image": [
              {
                "quality": "50x50",
                "url": "https://c.saavncdn.com/artists/Mark_Ronson_50x50.jpg",
              },
              {
                "quality": "150x150",
                "url": "https://c.saavncdn.com/artists/Mark_Ronson_150x150.jpg",
              },
              {
                "quality": "500x500",
                "url": "https://c.saavncdn.com/artists/Mark_Ronson_500x500.jpg",
              },
            ],
            "name": "Mark Ronson",
            "role": "singer",
            "type": "artist",
            "url": "https://www.jiosaavn.com/artist/mark-ronson-songs/MP3neLrI07M_",
          },
          {
            "id": "5370066",
            "image": [],
            "name": "Silk City",
            "role": "singer",
            "type": "artist",
            "url": "https://www.jiosaavn.com/artist/silk-city-songs/11RW3M6DJtY_",
          },
          {
            "id": "",
            "image": [],
            "name": "Dua Lipa",
            "role": "singer",
            "type": "artist",
            "url": "https://www.jiosaavn.com/artist/dua-lipa-songs/",
          },
          {
            "id": "1274170",
            "image": [
              {
                "quality": "50x50",
                "url": "https://c.saavncdn.com/artists/Dua_Lipa_004_20231120090922_50x50.jpg",
              },
              {
                "quality": "150x150",
                "url": "https://c.saavncdn.com/artists/Dua_Lipa_004_20231120090922_150x150.jpg",
              },
              {
                "quality": "500x500",
                "url": "https://c.saavncdn.com/artists/Dua_Lipa_004_20231120090922_500x500.jpg",
              },
            ],
            "name": "Dua Lipa",
            "role": "lyricist",
            "type": "artist",
            "url": "https://www.jiosaavn.com/artist/dua-lipa-songs/r-OWIKgpX2I_",
          },
          {
            "id": "566374",
            "image": [
              {
                "quality": "50x50",
                "url": "https://c.saavncdn.com/artists/Mark_Ronson_50x50.jpg",
              },
              {
                "quality": "150x150",
                "url": "https://c.saavncdn.com/artists/Mark_Ronson_150x150.jpg",
              },
              {
                "quality": "500x500",
                "url": "https://c.saavncdn.com/artists/Mark_Ronson_500x500.jpg",
              },
            ],
            "name": "Mark Ronson",
            "role": "lyricist",
            "type": "artist",
            "url": "https://www.jiosaavn.com/artist/mark-ronson-songs/MP3neLrI07M_",
          },
          {
            "id": "6100802",
            "image": [],
            "name": "Thomas Pentz",
            "role": "lyricist",
            "type": "artist",
            "url": "https://www.jiosaavn.com/artist/thomas-pentz-songs/4EQZAHvmCoU_",
          },
          {
            "id": "580821",
            "image": [
              {
                "quality": "50x50",
                "url": "https://c.saavncdn.com/817/Becoming-English-2019-20191004060634-50x50.jpg",
              },
              {
                "quality": "150x150",
                "url": "https://c.saavncdn.com/817/Becoming-English-2019-20191004060634-150x150.jpg",
              },
              {
                "quality": "500x500",
                "url": "https://c.saavncdn.com/817/Becoming-English-2019-20191004060634-500x500.jpg",
              },
            ],
            "name": "Jr.",
            "role": "lyricist",
            "type": "artist",
            "url": "https://www.jiosaavn.com/artist/jr.-songs/VnXKRZaZXTE_",
          },
          {
            "id": "610483",
            "image": [],
            "name": "Diana Gordon",
            "role": "lyricist",
            "type": "artist",
            "url": "https://www.jiosaavn.com/artist/diana-gordon-songs/DyTW,HXuI9U_",
          },
          {
            "id": "775309",
            "image": [],
            "name": "Romy Madley Croft",
            "role": "lyricist",
            "type": "artist",
            "url": "https://www.jiosaavn.com/artist/romy-madley-croft-songs/4pEUXf35rwM_",
          },
          {
            "id": "599435",
            "image": [],
            "name": "Philip Meckseper",
            "role": "lyricist",
            "type": "artist",
            "url": "https://www.jiosaavn.com/artist/philip-meckseper-songs/OfYGr,YjNdE_",
          },
          {
            "id": "696616",
            "image": [],
            "name": "Jacob Olofsson",
            "role": "lyricist",
            "type": "artist",
            "url": "https://www.jiosaavn.com/artist/jacob-olofsson-songs/FLmMx0sTKK4_",
          },
          {
            "id": "752872",
            "image": [],
            "name": "Rami Dawod",
            "role": "lyricist",
            "type": "artist",
            "url": "https://www.jiosaavn.com/artist/rami-dawod-songs/jdNEw2Fqum4_",
          },
          {
            "id": "752873",
            "image": [],
            "name": "Maxime Picard",
            "role": "lyricist",
            "type": "artist",
            "url": "https://www.jiosaavn.com/artist/maxime-picard-songs/3bfmrntqXwY_",
          },
          {
            "id": "",
            "image": [],
            "name": "Clement Picard",
            "role": "lyricist",
            "type": "artist",
            "url": "https://www.jiosaavn.com/artist/clement-picard-songs/",
          },
        ],
        "featured": [
          {
            "id": "599061",
            "image": [
              {
                "quality": "50x50",
                "url": "https://c.saavncdn.com/artists/Diplo_001_20190423094336_50x50.jpg",
              },
              {
                "quality": "150x150",
                "url": "https://c.saavncdn.com/artists/Diplo_001_20190423094336_150x150.jpg",
              },
              {
                "quality": "500x500",
                "url": "https://c.saavncdn.com/artists/Diplo_001_20190423094336_500x500.jpg",
              },
            ],
            "name": "Diplo",
            "role": "featured_artists",
            "type": "artist",
            "url": "https://www.jiosaavn.com/artist/diplo-songs/Sufxu-AWqU0_",
          },
          {
            "id": "566374",
            "image": [
              {
                "quality": "50x50",
                "url": "https://c.saavncdn.com/artists/Mark_Ronson_50x50.jpg",
              },
              {
                "quality": "150x150",
                "url": "https://c.saavncdn.com/artists/Mark_Ronson_150x150.jpg",
              },
              {
                "quality": "500x500",
                "url": "https://c.saavncdn.com/artists/Mark_Ronson_500x500.jpg",
              },
            ],
            "name": "Mark Ronson",
            "role": "featured_artists",
            "type": "artist",
            "url": "https://www.jiosaavn.com/artist/mark-ronson-songs/MP3neLrI07M_",
          },
          {
            "id": "5370067",
            "image": [],
            "name": "Diplo &amp; Mark Ronson",
            "role": "featured_artists",
            "type": "artist",
            "url": "https://www.jiosaavn.com/artist/diplo-mark-ronson-songs/p,wW-qNFpn4_",
          },
        ],
        "primary": [
          {
            "id": "1915946",
            "image": [
              {
                "quality": "50x50",
                "url": "https://c.saavncdn.com/360/Electricity-English-2018-20180906074251-50x50.jpg",
              },
              {
                "quality": "150x150",
                "url": "https://c.saavncdn.com/360/Electricity-English-2018-20180906074251-150x150.jpg",
              },
              {
                "quality": "500x500",
                "url": "https://c.saavncdn.com/360/Electricity-English-2018-20180906074251-500x500.jpg",
              },
            ],
            "name": "Silk City",
            "role": "primary_artists",
            "type": "artist",
            "url": "https://www.jiosaavn.com/artist/silk-city-songs/qLymIcWldyY_",
          },
          {
            "id": "1274170",
            "image": [
              {
                "quality": "50x50",
                "url": "https://c.saavncdn.com/artists/Dua_Lipa_004_20231120090922_50x50.jpg",
              },
              {
                "quality": "150x150",
                "url": "https://c.saavncdn.com/artists/Dua_Lipa_004_20231120090922_150x150.jpg",
              },
              {
                "quality": "500x500",
                "url": "https://c.saavncdn.com/artists/Dua_Lipa_004_20231120090922_500x500.jpg",
              },
            ],
            "name": "Dua Lipa",
            "role": "primary_artists",
            "type": "artist",
            "url": "https://www.jiosaavn.com/artist/dua-lipa-songs/r-OWIKgpX2I_",
          },
        ],
      },
      "copyright": "(P) 2018 SILK CITY IP, LLC. Under exclusive license to Columbia Records and Sony Music Entertainment UK Limited",
      "downloadUrl": [
        {
          "quality": "12kbps",
          "url": "https://aac.saavncdn.com/360/2557fca168bf7c965ec211fe9bd0aa9e_12.mp4",
        },
        {
          "quality": "48kbps",
          "url": "https://aac.saavncdn.com/360/2557fca168bf7c965ec211fe9bd0aa9e_48.mp4",
        },
        {
          "quality": "96kbps",
          "url": "https://aac.saavncdn.com/360/2557fca168bf7c965ec211fe9bd0aa9e_96.mp4",
        },
        {
          "quality": "160kbps",
          "url": "https://aac.saavncdn.com/360/2557fca168bf7c965ec211fe9bd0aa9e_160.mp4",
        },
        {
          "quality": "320kbps",
          "url": "https://aac.saavncdn.com/360/2557fca168bf7c965ec211fe9bd0aa9e_320.mp4",
        },
      ],
      "duration": 237,
      "explicitContent": false,
      "hasLyrics": false,
      "id": "TPmLi_Z8",
      "image": [
        {
          "quality": "50x50",
          "url": "https://c.saavncdn.com/360/Electricity-English-2018-20180906074251-50x50.jpg",
        },
        {
          "quality": "150x150",
          "url": "https://c.saavncdn.com/360/Electricity-English-2018-20180906074251-150x150.jpg",
        },
        {
          "quality": "500x500",
          "url": "https://c.saavncdn.com/360/Electricity-English-2018-20180906074251-500x500.jpg",
        },
      ],
      "label": "Columbia",
      "language": "english",
      "lyricsId": null,
      "name": "Electricity",
      "playCount": Any<Number>,
      "releaseDate": null,
      "type": "song",
      "url": "https://www.jiosaavn.com/song/electricity/JDgGfR1vbQs",
      "year": 2018,
    },
    {
      "album": {
        "id": "12218620",
        "name": "Fifty Shades Freed",
        "url": "https://www.jiosaavn.com/album/fifty-shades-freed/ME-yZhUBPoo_",
      },
      "artists": {
        "all": [
          {
            "id": "514783",
            "image": [
              {
                "quality": "50x50",
                "url": "https://c.saavncdn.com/002/Cinema-English-2017-50x50.jpg",
              },
              {
                "quality": "150x150",
                "url": "https://c.saavncdn.com/002/Cinema-English-2017-150x150.jpg",
              },
              {
                "quality": "500x500",
                "url": "https://c.saavncdn.com/002/Cinema-English-2017-500x500.jpg",
              },
            ],
            "name": "John Hill",
            "role": "music",
            "type": "artist",
            "url": "https://www.jiosaavn.com/artist/john-hill-songs/o7C4LF0mmXA_",
          },
          {
            "id": "2946226",
            "image": [],
            "name": "Ethan Snoreck",
            "role": "music",
            "type": "artist",
            "url": "https://www.jiosaavn.com/artist/ethan-snoreck-songs/9OKJn8pkIdY_",
          },
          {
            "id": "1233086",
            "image": [],
            "name": "Sarah Aarons",
            "role": "music",
            "type": "artist",
            "url": "https://www.jiosaavn.com/artist/sarah-aarons-songs/DO32nABXiKc_",
          },
          {
            "id": "1274170",
            "image": [
              {
                "quality": "50x50",
                "url": "https://c.saavncdn.com/artists/Dua_Lipa_004_20231120090922_50x50.jpg",
              },
              {
                "quality": "150x150",
                "url": "https://c.saavncdn.com/artists/Dua_Lipa_004_20231120090922_150x150.jpg",
              },
              {
                "quality": "500x500",
                "url": "https://c.saavncdn.com/artists/Dua_Lipa_004_20231120090922_500x500.jpg",
              },
            ],
            "name": "Dua Lipa",
            "role": "music",
            "type": "artist",
            "url": "https://www.jiosaavn.com/artist/dua-lipa-songs/r-OWIKgpX2I_",
          },
          {
            "id": "1966961",
            "image": [
              {
                "quality": "50x50",
                "url": "https://c.saavncdn.com/061/Savage-feat-Flux-Pavillion-MAX-English-2016-50x50.jpg",
              },
              {
                "quality": "150x150",
                "url": "https://c.saavncdn.com/061/Savage-feat-Flux-Pavillion-MAX-English-2016-150x150.jpg",
              },
              {
                "quality": "500x500",
                "url": "https://c.saavncdn.com/061/Savage-feat-Flux-Pavillion-MAX-English-2016-500x500.jpg",
              },
            ],
            "name": "Whethan",
            "role": "singer",
            "type": "artist",
            "url": "https://www.jiosaavn.com/artist/whethan-songs/6Qird7N7c3A_",
          },
          {
            "id": "1274170",
            "image": [
              {
                "quality": "50x50",
                "url": "https://c.saavncdn.com/artists/Dua_Lipa_004_20231120090922_50x50.jpg",
              },
              {
                "quality": "150x150",
                "url": "https://c.saavncdn.com/artists/Dua_Lipa_004_20231120090922_150x150.jpg",
              },
              {
                "quality": "500x500",
                "url": "https://c.saavncdn.com/artists/Dua_Lipa_004_20231120090922_500x500.jpg",
              },
            ],
            "name": "Dua Lipa",
            "role": "singer",
            "type": "artist",
            "url": "https://www.jiosaavn.com/artist/dua-lipa-songs/r-OWIKgpX2I_",
          },
          {
            "id": "514783",
            "image": [
              {
                "quality": "50x50",
                "url": "https://c.saavncdn.com/002/Cinema-English-2017-50x50.jpg",
              },
              {
                "quality": "150x150",
                "url": "https://c.saavncdn.com/002/Cinema-English-2017-150x150.jpg",
              },
              {
                "quality": "500x500",
                "url": "https://c.saavncdn.com/002/Cinema-English-2017-500x500.jpg",
              },
            ],
            "name": "John Hill",
            "role": "lyricist",
            "type": "artist",
            "url": "https://www.jiosaavn.com/artist/john-hill-songs/o7C4LF0mmXA_",
          },
          {
            "id": "2946226",
            "image": [],
            "name": "Ethan Snoreck",
            "role": "lyricist",
            "type": "artist",
            "url": "https://www.jiosaavn.com/artist/ethan-snoreck-songs/9OKJn8pkIdY_",
          },
          {
            "id": "1233086",
            "image": [],
            "name": "Sarah Aarons",
            "role": "lyricist",
            "type": "artist",
            "url": "https://www.jiosaavn.com/artist/sarah-aarons-songs/DO32nABXiKc_",
          },
          {
            "id": "1274170",
            "image": [
              {
                "quality": "50x50",
                "url": "https://c.saavncdn.com/artists/Dua_Lipa_004_20231120090922_50x50.jpg",
              },
              {
                "quality": "150x150",
                "url": "https://c.saavncdn.com/artists/Dua_Lipa_004_20231120090922_150x150.jpg",
              },
              {
                "quality": "500x500",
                "url": "https://c.saavncdn.com/artists/Dua_Lipa_004_20231120090922_500x500.jpg",
              },
            ],
            "name": "Dua Lipa",
            "role": "lyricist",
            "type": "artist",
            "url": "https://www.jiosaavn.com/artist/dua-lipa-songs/r-OWIKgpX2I_",
          },
        ],
        "featured": [],
        "primary": [
          {
            "id": "1966961",
            "image": [
              {
                "quality": "50x50",
                "url": "https://c.saavncdn.com/061/Savage-feat-Flux-Pavillion-MAX-English-2016-50x50.jpg",
              },
              {
                "quality": "150x150",
                "url": "https://c.saavncdn.com/061/Savage-feat-Flux-Pavillion-MAX-English-2016-150x150.jpg",
              },
              {
                "quality": "500x500",
                "url": "https://c.saavncdn.com/061/Savage-feat-Flux-Pavillion-MAX-English-2016-500x500.jpg",
              },
            ],
            "name": "Whethan",
            "role": "primary_artists",
            "type": "artist",
            "url": "https://www.jiosaavn.com/artist/whethan-songs/6Qird7N7c3A_",
          },
          {
            "id": "1274170",
            "image": [
              {
                "quality": "50x50",
                "url": "https://c.saavncdn.com/artists/Dua_Lipa_004_20231120090922_50x50.jpg",
              },
              {
                "quality": "150x150",
                "url": "https://c.saavncdn.com/artists/Dua_Lipa_004_20231120090922_150x150.jpg",
              },
              {
                "quality": "500x500",
                "url": "https://c.saavncdn.com/artists/Dua_Lipa_004_20231120090922_500x500.jpg",
              },
            ],
            "name": "Dua Lipa",
            "role": "primary_artists",
            "type": "artist",
            "url": "https://www.jiosaavn.com/artist/dua-lipa-songs/r-OWIKgpX2I_",
          },
        ],
      },
      "copyright": "℗ 2018 Universal Studios, Atlantic Records & Warner Bros. Records UK",
      "downloadUrl": [
        {
          "quality": "12kbps",
          "url": "https://aac.saavncdn.com/756/f66d03aee1cc431841bc873808cfbc05_12.mp4",
        },
        {
          "quality": "48kbps",
          "url": "https://aac.saavncdn.com/756/f66d03aee1cc431841bc873808cfbc05_48.mp4",
        },
        {
          "quality": "96kbps",
          "url": "https://aac.saavncdn.com/756/f66d03aee1cc431841bc873808cfbc05_96.mp4",
        },
        {
          "quality": "160kbps",
          "url": "https://aac.saavncdn.com/756/f66d03aee1cc431841bc873808cfbc05_160.mp4",
        },
        {
          "quality": "320kbps",
          "url": "https://aac.saavncdn.com/756/f66d03aee1cc431841bc873808cfbc05_320.mp4",
        },
      ],
      "duration": 197,
      "explicitContent": true,
      "hasLyrics": false,
      "id": "fHWv0nh2",
      "image": [
        {
          "quality": "50x50",
          "url": "https://c.saavncdn.com/756/Fifty-Shades-Freed-English-2018-20180208000209-50x50.jpg",
        },
        {
          "quality": "150x150",
          "url": "https://c.saavncdn.com/756/Fifty-Shades-Freed-English-2018-20180208000209-150x150.jpg",
        },
        {
          "quality": "500x500",
          "url": "https://c.saavncdn.com/756/Fifty-Shades-Freed-English-2018-20180208000209-500x500.jpg",
        },
      ],
      "label": "Republic/Universal/FSF",
      "language": "english",
      "lyricsId": null,
      "name": "High",
      "playCount": Any<Number>,
      "releaseDate": null,
      "type": "song",
      "url": "https://www.jiosaavn.com/song/high/FiA8R0ReXwE",
      "year": 2018,
    },
    {
      "album": {
        "id": "26118113",
        "name": "Levitating (feat. Prakriti Kakar &amp; Sukriti Kakar) [Amaal Mallik Remix]",
        "url": "https://www.jiosaavn.com/album/levitating-feat.-prakriti-kakar-sukriti-kakar-amaal-mallik-remix/eO1y0M0P-xo_",
      },
      "artists": {
        "all": [
          {
            "id": "573802",
            "image": [],
            "name": "Clarence Coffee Jr",
            "role": "music",
            "type": "artist",
            "url": "https://www.jiosaavn.com/artist/clarence-coffee-jr-songs/2mX96rBxCYU_",
          },
          {
            "id": "1274170",
            "image": [
              {
                "quality": "50x50",
                "url": "https://c.saavncdn.com/artists/Dua_Lipa_004_20231120090922_50x50.jpg",
              },
              {
                "quality": "150x150",
                "url": "https://c.saavncdn.com/artists/Dua_Lipa_004_20231120090922_150x150.jpg",
              },
              {
                "quality": "500x500",
                "url": "https://c.saavncdn.com/artists/Dua_Lipa_004_20231120090922_500x500.jpg",
              },
            ],
            "name": "Dua Lipa",
            "role": "music",
            "type": "artist",
            "url": "https://www.jiosaavn.com/artist/dua-lipa-songs/r-OWIKgpX2I_",
          },
          {
            "id": "702498",
            "image": [
              {
                "quality": "50x50",
                "url": "https://c.saavncdn.com/587/Gypsy-Girl-A-Cappella--English-2017-20191123100913-50x50.jpg",
              },
              {
                "quality": "150x150",
                "url": "https://c.saavncdn.com/587/Gypsy-Girl-A-Cappella--English-2017-20191123100913-150x150.jpg",
              },
              {
                "quality": "500x500",
                "url": "https://c.saavncdn.com/587/Gypsy-Girl-A-Cappella--English-2017-20191123100913-500x500.jpg",
              },
            ],
            "name": "Sarah Hudson",
            "role": "music",
            "type": "artist",
            "url": "https://www.jiosaavn.com/artist/sarah-hudson-songs/pW4Y,NKAPPI_",
          },
          {
            "id": "599533",
            "image": [],
            "name": "Stephen Kozmeniuk",
            "role": "music",
            "type": "artist",
            "url": "https://www.jiosaavn.com/artist/stephen-kozmeniuk-songs/lS1-2YuC5oc_",
          },
          {
            "id": "1274170",
            "image": [
              {
                "quality": "50x50",
                "url": "https://c.saavncdn.com/artists/Dua_Lipa_004_20231120090922_50x50.jpg",
              },
              {
                "quality": "150x150",
                "url": "https://c.saavncdn.com/artists/Dua_Lipa_004_20231120090922_150x150.jpg",
              },
              {
                "quality": "500x500",
                "url": "https://c.saavncdn.com/artists/Dua_Lipa_004_20231120090922_500x500.jpg",
              },
            ],
            "name": "Dua Lipa",
            "role": "singer",
            "type": "artist",
            "url": "https://www.jiosaavn.com/artist/dua-lipa-songs/r-OWIKgpX2I_",
          },
        ],
        "featured": [
          {
            "id": "488931",
            "image": [
              {
                "quality": "50x50",
                "url": "https://c.saavncdn.com/artists/Prakriti_Kakar_002_20200220115540_50x50.jpg",
              },
              {
                "quality": "150x150",
                "url": "https://c.saavncdn.com/artists/Prakriti_Kakar_002_20200220115540_150x150.jpg",
              },
              {
                "quality": "500x500",
                "url": "https://c.saavncdn.com/artists/Prakriti_Kakar_002_20200220115540_500x500.jpg",
              },
            ],
            "name": "Prakriti Kakar",
            "role": "featured_artists",
            "type": "artist",
            "url": "https://www.jiosaavn.com/artist/prakriti-kakar-songs/ufG1BlA5TVM_",
          },
          {
            "id": "670650",
            "image": [
              {
                "quality": "50x50",
                "url": "https://c.saavncdn.com/artists/Sukriti_Kakar_002_20200314080054_50x50.jpg",
              },
              {
                "quality": "150x150",
                "url": "https://c.saavncdn.com/artists/Sukriti_Kakar_002_20200314080054_150x150.jpg",
              },
              {
                "quality": "500x500",
                "url": "https://c.saavncdn.com/artists/Sukriti_Kakar_002_20200314080054_500x500.jpg",
              },
            ],
            "name": "Sukriti Kakar",
            "role": "featured_artists",
            "type": "artist",
            "url": "https://www.jiosaavn.com/artist/sukriti-kakar-songs/fB0XSQjRbtM_",
          },
        ],
        "primary": [
          {
            "id": "1274170",
            "image": [
              {
                "quality": "50x50",
                "url": "https://c.saavncdn.com/artists/Dua_Lipa_004_20231120090922_50x50.jpg",
              },
              {
                "quality": "150x150",
                "url": "https://c.saavncdn.com/artists/Dua_Lipa_004_20231120090922_150x150.jpg",
              },
              {
                "quality": "500x500",
                "url": "https://c.saavncdn.com/artists/Dua_Lipa_004_20231120090922_500x500.jpg",
              },
            ],
            "name": "Dua Lipa",
            "role": "primary_artists",
            "type": "artist",
            "url": "https://www.jiosaavn.com/artist/dua-lipa-songs/r-OWIKgpX2I_",
          },
        ],
      },
      "copyright": "under exclusive license to Warner Records UK, a division of Warner Music UK Limited, ℗ 2021  Dua Lipa Limited",
      "downloadUrl": [
        {
          "quality": "12kbps",
          "url": "https://aac.saavncdn.com/701/29beec5790ef59c967f3f6d99790073a_12.mp4",
        },
        {
          "quality": "48kbps",
          "url": "https://aac.saavncdn.com/701/29beec5790ef59c967f3f6d99790073a_48.mp4",
        },
        {
          "quality": "96kbps",
          "url": "https://aac.saavncdn.com/701/29beec5790ef59c967f3f6d99790073a_96.mp4",
        },
        {
          "quality": "160kbps",
          "url": "https://aac.saavncdn.com/701/29beec5790ef59c967f3f6d99790073a_160.mp4",
        },
        {
          "quality": "320kbps",
          "url": "https://aac.saavncdn.com/701/29beec5790ef59c967f3f6d99790073a_320.mp4",
        },
      ],
      "duration": 156,
      "explicitContent": false,
      "hasLyrics": false,
      "id": "wiJ35RaE",
      "image": [
        {
          "quality": "50x50",
          "url": "https://c.saavncdn.com/701/Levitating-feat-Prakriti-Kakar-Sukriti-Kakar-Amaal-Mallik-Remix-English-2021-20231110075049-50x50.jpg",
        },
        {
          "quality": "150x150",
          "url": "https://c.saavncdn.com/701/Levitating-feat-Prakriti-Kakar-Sukriti-Kakar-Amaal-Mallik-Remix-English-2021-20231110075049-150x150.jpg",
        },
        {
          "quality": "500x500",
          "url": "https://c.saavncdn.com/701/Levitating-feat-Prakriti-Kakar-Sukriti-Kakar-Amaal-Mallik-Remix-English-2021-20231110075049-500x500.jpg",
        },
      ],
      "label": "Warner Records",
      "language": "english",
      "lyricsId": null,
      "name": "Levitating (feat. Prakriti Kakar &amp; Sukriti Kakar) [Amaal Mallik Remix]",
      "playCount": Any<Number>,
      "releaseDate": null,
      "type": "song",
      "url": "https://www.jiosaavn.com/song/levitating-feat.-prakriti-kakar-sukriti-kakar-amaal-mallik-remix/BwEhAkFiVnY",
      "year": 2021,
    },
    {
      "album": {
        "id": "23241654",
        "name": "Future Nostalgia",
        "url": "https://www.jiosaavn.com/album/future-nostalgia/ITIyo-GDr7A_",
      },
      "artists": {
        "all": [
          {
            "id": "573802",
            "image": [],
            "name": "Clarence Coffee Jr",
            "role": "music",
            "type": "artist",
            "url": "https://www.jiosaavn.com/artist/clarence-coffee-jr-songs/2mX96rBxCYU_",
          },
          {
            "id": "1274170",
            "image": [
              {
                "quality": "50x50",
                "url": "https://c.saavncdn.com/artists/Dua_Lipa_004_20231120090922_50x50.jpg",
              },
              {
                "quality": "150x150",
                "url": "https://c.saavncdn.com/artists/Dua_Lipa_004_20231120090922_150x150.jpg",
              },
              {
                "quality": "500x500",
                "url": "https://c.saavncdn.com/artists/Dua_Lipa_004_20231120090922_500x500.jpg",
              },
            ],
            "name": "Dua Lipa",
            "role": "music",
            "type": "artist",
            "url": "https://www.jiosaavn.com/artist/dua-lipa-songs/r-OWIKgpX2I_",
          },
          {
            "id": "566172",
            "image": [],
            "name": "Jeff Bhasker",
            "role": "music",
            "type": "artist",
            "url": "https://www.jiosaavn.com/artist/jeff-bhasker-songs/lnl3ESr3WQo_",
          },
          {
            "id": "1274170",
            "image": [
              {
                "quality": "50x50",
                "url": "https://c.saavncdn.com/artists/Dua_Lipa_004_20231120090922_50x50.jpg",
              },
              {
                "quality": "150x150",
                "url": "https://c.saavncdn.com/artists/Dua_Lipa_004_20231120090922_150x150.jpg",
              },
              {
                "quality": "500x500",
                "url": "https://c.saavncdn.com/artists/Dua_Lipa_004_20231120090922_500x500.jpg",
              },
            ],
            "name": "Dua Lipa",
            "role": "singer",
            "type": "artist",
            "url": "https://www.jiosaavn.com/artist/dua-lipa-songs/r-OWIKgpX2I_",
          },
        ],
        "featured": [],
        "primary": [
          {
            "id": "1274170",
            "image": [
              {
                "quality": "50x50",
                "url": "https://c.saavncdn.com/artists/Dua_Lipa_004_20231120090922_50x50.jpg",
              },
              {
                "quality": "150x150",
                "url": "https://c.saavncdn.com/artists/Dua_Lipa_004_20231120090922_150x150.jpg",
              },
              {
                "quality": "500x500",
                "url": "https://c.saavncdn.com/artists/Dua_Lipa_004_20231120090922_500x500.jpg",
              },
            ],
            "name": "Dua Lipa",
            "role": "primary_artists",
            "type": "artist",
            "url": "https://www.jiosaavn.com/artist/dua-lipa-songs/r-OWIKgpX2I_",
          },
        ],
      },
      "copyright": "℗ 2019 Dua Lipa Limited under exclusive license to Warner Music UK, a division of Warner Music UK Limited",
      "downloadUrl": [
        {
          "quality": "12kbps",
          "url": "https://aac.saavncdn.com/665/b54ac43457e147e7ac88af0b18ed406b_12.mp4",
        },
        {
          "quality": "48kbps",
          "url": "https://aac.saavncdn.com/665/b54ac43457e147e7ac88af0b18ed406b_48.mp4",
        },
        {
          "quality": "96kbps",
          "url": "https://aac.saavncdn.com/665/b54ac43457e147e7ac88af0b18ed406b_96.mp4",
        },
        {
          "quality": "160kbps",
          "url": "https://aac.saavncdn.com/665/b54ac43457e147e7ac88af0b18ed406b_160.mp4",
        },
        {
          "quality": "320kbps",
          "url": "https://aac.saavncdn.com/665/b54ac43457e147e7ac88af0b18ed406b_320.mp4",
        },
      ],
      "duration": 184,
      "explicitContent": true,
      "hasLyrics": true,
      "id": "sz5F1aWB",
      "image": [
        {
          "quality": "50x50",
          "url": "https://c.saavncdn.com/665/Future-Nostalgia-English-2020-20231110075246-50x50.jpg",
        },
        {
          "quality": "150x150",
          "url": "https://c.saavncdn.com/665/Future-Nostalgia-English-2020-20231110075246-150x150.jpg",
        },
        {
          "quality": "500x500",
          "url": "https://c.saavncdn.com/665/Future-Nostalgia-English-2020-20231110075246-500x500.jpg",
        },
      ],
      "label": "Warner Records",
      "language": "english",
      "lyricsId": null,
      "name": "Future Nostalgia",
      "playCount": Any<Number>,
      "releaseDate": null,
      "type": "song",
      "url": "https://www.jiosaavn.com/song/future-nostalgia/AxJed0VRYHE",
      "year": 2020,
    },
  ],
  "total": Any<Number>,
}
`;
