// Vitest Snapshot v1, https://vitest.dev/guide/snapshot.html

exports[`SearchAlbums > should search albums by query and return a list of albums 1`] = `
{
  "results": [
    {
      "artists": {
        "all": [
          {
            "id": "599453",
            "image": [],
            "name": "Dan Reynolds",
            "role": "music",
            "type": "artist",
            "url": "https://www.jiosaavn.com/artist/dan-reynolds-songs/xoeLrr0aTEU_",
          },
          {
            "id": "599454",
            "image": [],
            "name": "Wayne Sermon",
            "role": "music",
            "type": "artist",
            "url": "https://www.jiosaavn.com/artist/wayne-sermon-songs/,WHkVDnJnD8_",
          },
          {
            "id": "599455",
            "image": [],
            "name": "Ben Mckee",
            "role": "music",
            "type": "artist",
            "url": "https://www.jiosaavn.com/artist/ben-mckee-songs/EA7FaJms-k8_",
          },
          {
            "id": "914898",
            "image": [],
            "name": "Daniel Platzman",
            "role": "music",
            "type": "artist",
            "url": "https://www.jiosaavn.com/artist/daniel-platzman-songs/hOWrEJ6eC9I_",
          },
          {
            "id": "683491",
            "image": [],
            "name": "Robin Fredriksson",
            "role": "music",
            "type": "artist",
            "url": "https://www.jiosaavn.com/artist/robin-fredriksson-songs/jRGk4sF83Ko_",
          },
          {
            "id": "634862",
            "image": [],
            "name": "Mattias Larsson",
            "role": "music",
            "type": "artist",
            "url": "https://www.jiosaavn.com/artist/mattias-larsson-songs/d6thUM5GwSE_",
          },
          {
            "id": "599452",
            "image": [],
            "name": "Imagine Dragons",
            "role": "singers",
            "type": "artist",
            "url": "https://www.jiosaavn.com/artist/imagine-dragons-songs/f0aFxsa231o_",
          },
        ],
        "featured": [],
        "primary": [
          {
            "id": "599452",
            "image": [],
            "name": "Imagine Dragons",
            "role": "primary_artists",
            "type": "artist",
            "url": "https://www.jiosaavn.com/artist/imagine-dragons-songs/f0aFxsa231o_",
          },
        ],
      },
      "description": "",
      "explicitContent": false,
      "id": "33436571",
      "image": [
        {
          "quality": "50x50",
          "url": "https://c.saavncdn.com/038/Bones-English-2022-20220311113603-50x50.jpg",
        },
        {
          "quality": "150x150",
          "url": "https://c.saavncdn.com/038/Bones-English-2022-20220311113603-150x150.jpg",
        },
        {
          "quality": "500x500",
          "url": "https://c.saavncdn.com/038/Bones-English-2022-20220311113603-500x500.jpg",
        },
      ],
      "language": "english",
      "name": "Bones",
      "playCount": 0,
      "songCount": 1,
      "type": "album",
      "url": "https://www.jiosaavn.com/album/bones/8jGpGcwI,fM_",
      "year": 2022,
    },
    {
      "artists": {
        "all": [
          {
            "id": "599453",
            "image": [],
            "name": "Dan Reynolds",
            "role": "music",
            "type": "artist",
            "url": "https://www.jiosaavn.com/artist/dan-reynolds-songs/xoeLrr0aTEU_",
          },
          {
            "id": "633532",
            "image": [],
            "name": "Justin Tranter",
            "role": "music",
            "type": "artist",
            "url": "https://www.jiosaavn.com/artist/justin-tranter-songs/MUdaah321CU_",
          },
          {
            "id": "599454",
            "image": [],
            "name": "Wayne Sermon",
            "role": "music",
            "type": "artist",
            "url": "https://www.jiosaavn.com/artist/wayne-sermon-songs/,WHkVDnJnD8_",
          },
          {
            "id": "599455",
            "image": [],
            "name": "Ben Mckee",
            "role": "music",
            "type": "artist",
            "url": "https://www.jiosaavn.com/artist/ben-mckee-songs/EA7FaJms-k8_",
          },
          {
            "id": "914898",
            "image": [],
            "name": "Daniel Platzman",
            "role": "music",
            "type": "artist",
            "url": "https://www.jiosaavn.com/artist/daniel-platzman-songs/hOWrEJ6eC9I_",
          },
          {
            "id": "683491",
            "image": [],
            "name": "Robin Fredriksson",
            "role": "music",
            "type": "artist",
            "url": "https://www.jiosaavn.com/artist/robin-fredriksson-songs/jRGk4sF83Ko_",
          },
          {
            "id": "634862",
            "image": [],
            "name": "Mattias Larsson",
            "role": "music",
            "type": "artist",
            "url": "https://www.jiosaavn.com/artist/mattias-larsson-songs/d6thUM5GwSE_",
          },
          {
            "id": "2740932",
            "image": [],
            "name": "Destin Route",
            "role": "music",
            "type": "artist",
            "url": "https://www.jiosaavn.com/artist/destin-route-songs/I6DRuG9yj8A_",
          },
          {
            "id": "599452",
            "image": [],
            "name": "Imagine Dragons",
            "role": "singers",
            "type": "artist",
            "url": "https://www.jiosaavn.com/artist/imagine-dragons-songs/f0aFxsa231o_",
          },
          {
            "id": "2902776",
            "image": [],
            "name": "Jid",
            "role": "singers",
            "type": "artist",
            "url": "https://www.jiosaavn.com/artist/jid-songs/6hMgIt3Vdsg_",
          },
          {
            "id": "924158",
            "image": [],
            "name": "Arcane",
            "role": "singers",
            "type": "artist",
            "url": "https://www.jiosaavn.com/artist/arcane-songs/EbPKh7sFrbM_",
          },
          {
            "id": "865159",
            "image": [],
            "name": "League of Legends",
            "role": "singers",
            "type": "artist",
            "url": "https://www.jiosaavn.com/artist/league-of-legends-songs/4rHeO6RAjbs_",
          },
        ],
        "featured": [],
        "primary": [
          {
            "id": "599452",
            "image": [],
            "name": "Imagine Dragons",
            "role": "primary_artists",
            "type": "artist",
            "url": "https://www.jiosaavn.com/artist/imagine-dragons-songs/f0aFxsa231o_",
          },
          {
            "id": "2902776",
            "image": [],
            "name": "Jid",
            "role": "primary_artists",
            "type": "artist",
            "url": "https://www.jiosaavn.com/artist/jid-songs/6hMgIt3Vdsg_",
          },
          {
            "id": "924158",
            "image": [],
            "name": "Arcane",
            "role": "primary_artists",
            "type": "artist",
            "url": "https://www.jiosaavn.com/artist/arcane-songs/EbPKh7sFrbM_",
          },
          {
            "id": "865159",
            "image": [],
            "name": "League of Legends",
            "role": "primary_artists",
            "type": "artist",
            "url": "https://www.jiosaavn.com/artist/league-of-legends-songs/4rHeO6RAjbs_",
          },
        ],
      },
      "description": "",
      "explicitContent": false,
      "id": "30541534",
      "image": [
        {
          "quality": "50x50",
          "url": "https://c.saavncdn.com/943/Enemy-from-the-series-Arcane-League-of-Legends--English-2021-20211028173417-50x50.jpg",
        },
        {
          "quality": "150x150",
          "url": "https://c.saavncdn.com/943/Enemy-from-the-series-Arcane-League-of-Legends--English-2021-20211028173417-150x150.jpg",
        },
        {
          "quality": "500x500",
          "url": "https://c.saavncdn.com/943/Enemy-from-the-series-Arcane-League-of-Legends--English-2021-20211028173417-500x500.jpg",
        },
      ],
      "language": "english",
      "name": "Enemy (from the series Arcane League of Legends)",
      "playCount": 0,
      "songCount": 1,
      "type": "album",
      "url": "https://www.jiosaavn.com/album/enemy-from-the-series-arcane-league-of-legends/SDG5g-p,CwA_",
      "year": 2021,
    },
    {
      "artists": {
        "all": [
          {
            "id": "599453",
            "image": [],
            "name": "Dan Reynolds",
            "role": "music",
            "type": "artist",
            "url": "https://www.jiosaavn.com/artist/dan-reynolds-songs/xoeLrr0aTEU_",
          },
          {
            "id": "599454",
            "image": [],
            "name": "Wayne Sermon",
            "role": "music",
            "type": "artist",
            "url": "https://www.jiosaavn.com/artist/wayne-sermon-songs/,WHkVDnJnD8_",
          },
          {
            "id": "599455",
            "image": [],
            "name": "Ben Mckee",
            "role": "music",
            "type": "artist",
            "url": "https://www.jiosaavn.com/artist/ben-mckee-songs/EA7FaJms-k8_",
          },
          {
            "id": "914898",
            "image": [],
            "name": "Daniel Platzman",
            "role": "music",
            "type": "artist",
            "url": "https://www.jiosaavn.com/artist/daniel-platzman-songs/hOWrEJ6eC9I_",
          },
          {
            "id": "521025",
            "image": [],
            "name": "A. Grant",
            "role": "music",
            "type": "artist",
            "url": "https://www.jiosaavn.com/artist/a.-grant-songs/13UmuPl4S5c_",
          },
          {
            "id": "683491",
            "image": [],
            "name": "Robin Fredriksson",
            "role": "music",
            "type": "artist",
            "url": "https://www.jiosaavn.com/artist/robin-fredriksson-songs/jRGk4sF83Ko_",
          },
          {
            "id": "634862",
            "image": [],
            "name": "Mattias Larsson",
            "role": "music",
            "type": "artist",
            "url": "https://www.jiosaavn.com/artist/mattias-larsson-songs/d6thUM5GwSE_",
          },
          {
            "id": "633532",
            "image": [],
            "name": "Justin Tranter",
            "role": "music",
            "type": "artist",
            "url": "https://www.jiosaavn.com/artist/justin-tranter-songs/MUdaah321CU_",
          },
          {
            "id": "581054",
            "image": [],
            "name": "Joel Little",
            "role": "music",
            "type": "artist",
            "url": "https://www.jiosaavn.com/artist/joel-little-songs/B-FL4CTgRTs_",
          },
          {
            "id": "514783",
            "image": [],
            "name": "John Hill",
            "role": "music",
            "type": "artist",
            "url": "https://www.jiosaavn.com/artist/john-hill-songs/o7C4LF0mmXA_",
          },
          {
            "id": "2608037",
            "image": [],
            "name": "Timothy Randolph Edgar",
            "role": "music",
            "type": "artist",
            "url": "https://www.jiosaavn.com/artist/timothy-randolph-edgar-songs/qHdEQDEI4zk_",
          },
          {
            "id": "613217",
            "image": [],
            "name": "Jayson Dezuzio",
            "role": "music",
            "type": "artist",
            "url": "https://www.jiosaavn.com/artist/jayson-dezuzio-songs/S6XZl-XyoYY_",
          },
          {
            "id": "599452",
            "image": [],
            "name": "Imagine Dragons",
            "role": "singers",
            "type": "artist",
            "url": "https://www.jiosaavn.com/artist/imagine-dragons-songs/f0aFxsa231o_",
          },
        ],
        "featured": [],
        "primary": [
          {
            "id": "599452",
            "image": [],
            "name": "Imagine Dragons",
            "role": "primary_artists",
            "type": "artist",
            "url": "https://www.jiosaavn.com/artist/imagine-dragons-songs/f0aFxsa231o_",
          },
        ],
      },
      "description": "",
      "explicitContent": false,
      "id": "13435951",
      "image": [
        {
          "quality": "50x50",
          "url": "https://c.saavncdn.com/248/Evolve-English-2017-20180716230950-50x50.jpg",
        },
        {
          "quality": "150x150",
          "url": "https://c.saavncdn.com/248/Evolve-English-2017-20180716230950-150x150.jpg",
        },
        {
          "quality": "500x500",
          "url": "https://c.saavncdn.com/248/Evolve-English-2017-20180716230950-500x500.jpg",
        },
      ],
      "language": "english",
      "name": "Evolve",
      "playCount": 0,
      "songCount": 12,
      "type": "album",
      "url": "https://www.jiosaavn.com/album/evolve/gvCWqZLfVbs_",
      "year": 2018,
    },
    {
      "artists": {
        "all": [
          {
            "id": "599453",
            "image": [],
            "name": "Dan Reynolds",
            "role": "music",
            "type": "artist",
            "url": "https://www.jiosaavn.com/artist/dan-reynolds-songs/xoeLrr0aTEU_",
          },
          {
            "id": "599454",
            "image": [],
            "name": "Wayne Sermon",
            "role": "music",
            "type": "artist",
            "url": "https://www.jiosaavn.com/artist/wayne-sermon-songs/,WHkVDnJnD8_",
          },
          {
            "id": "599455",
            "image": [],
            "name": "Ben Mckee",
            "role": "music",
            "type": "artist",
            "url": "https://www.jiosaavn.com/artist/ben-mckee-songs/EA7FaJms-k8_",
          },
          {
            "id": "914898",
            "image": [],
            "name": "Daniel Platzman",
            "role": "music",
            "type": "artist",
            "url": "https://www.jiosaavn.com/artist/daniel-platzman-songs/hOWrEJ6eC9I_",
          },
          {
            "id": "683491",
            "image": [],
            "name": "Robin Fredriksson",
            "role": "music",
            "type": "artist",
            "url": "https://www.jiosaavn.com/artist/robin-fredriksson-songs/jRGk4sF83Ko_",
          },
          {
            "id": "634862",
            "image": [],
            "name": "Mattias Larsson",
            "role": "music",
            "type": "artist",
            "url": "https://www.jiosaavn.com/artist/mattias-larsson-songs/d6thUM5GwSE_",
          },
          {
            "id": "633532",
            "image": [],
            "name": "Justin Tranter",
            "role": "music",
            "type": "artist",
            "url": "https://www.jiosaavn.com/artist/justin-tranter-songs/MUdaah321CU_",
          },
          {
            "id": "562818",
            "image": [],
            "name": "Dwayne Carter",
            "role": "music",
            "type": "artist",
            "url": "https://www.jiosaavn.com/artist/dwayne-carter-songs/yY6srjGpiSQ_",
          },
          {
            "id": "599452",
            "image": [],
            "name": "Imagine Dragons",
            "role": "singers",
            "type": "artist",
            "url": "https://www.jiosaavn.com/artist/imagine-dragons-songs/f0aFxsa231o_",
          },
        ],
        "featured": [],
        "primary": [
          {
            "id": "599452",
            "image": [],
            "name": "Imagine Dragons",
            "role": "primary_artists",
            "type": "artist",
            "url": "https://www.jiosaavn.com/artist/imagine-dragons-songs/f0aFxsa231o_",
          },
        ],
      },
      "description": "",
      "explicitContent": false,
      "id": "14799536",
      "image": [
        {
          "quality": "50x50",
          "url": "https://c.saavncdn.com/128/Believer-English-2018-20190107213710-50x50.jpg",
        },
        {
          "quality": "150x150",
          "url": "https://c.saavncdn.com/128/Believer-English-2018-20190107213710-150x150.jpg",
        },
        {
          "quality": "500x500",
          "url": "https://c.saavncdn.com/128/Believer-English-2018-20190107213710-500x500.jpg",
        },
      ],
      "language": "english",
      "name": "Believer",
      "playCount": 0,
      "songCount": 1,
      "type": "album",
      "url": "https://www.jiosaavn.com/album/believer/tXjhb4AnRtk_",
      "year": 2019,
    },
    {
      "artists": {
        "all": [
          {
            "id": "599457",
            "image": [],
            "name": "Josh Mosser",
            "role": "music",
            "type": "artist",
            "url": "https://www.jiosaavn.com/artist/josh-mosser-songs/5jQlIXALPSM_",
          },
          {
            "id": "612060",
            "image": [],
            "name": "Kendrick Lamar",
            "role": "music",
            "type": "artist",
            "url": "https://www.jiosaavn.com/artist/kendrick-lamar-songs/44fbKDllOW0_",
          },
          {
            "id": "521025",
            "image": [],
            "name": "A. Grant",
            "role": "music",
            "type": "artist",
            "url": "https://www.jiosaavn.com/artist/a.-grant-songs/13UmuPl4S5c_",
          },
          {
            "id": "599453",
            "image": [],
            "name": "Dan Reynolds",
            "role": "music",
            "type": "artist",
            "url": "https://www.jiosaavn.com/artist/dan-reynolds-songs/xoeLrr0aTEU_",
          },
          {
            "id": "599454",
            "image": [],
            "name": "Wayne Sermon",
            "role": "music",
            "type": "artist",
            "url": "https://www.jiosaavn.com/artist/wayne-sermon-songs/,WHkVDnJnD8_",
          },
          {
            "id": "599455",
            "image": [],
            "name": "Ben Mckee",
            "role": "music",
            "type": "artist",
            "url": "https://www.jiosaavn.com/artist/ben-mckee-songs/EA7FaJms-k8_",
          },
          {
            "id": "599452",
            "image": [],
            "name": "Imagine Dragons",
            "role": "singers",
            "type": "artist",
            "url": "https://www.jiosaavn.com/artist/imagine-dragons-songs/f0aFxsa231o_",
          },
        ],
        "featured": [],
        "primary": [
          {
            "id": "599452",
            "image": [],
            "name": "Imagine Dragons",
            "role": "primary_artists",
            "type": "artist",
            "url": "https://www.jiosaavn.com/artist/imagine-dragons-songs/f0aFxsa231o_",
          },
        ],
      },
      "description": "",
      "explicitContent": true,
      "id": "1151623",
      "image": [
        {
          "quality": "50x50",
          "url": "https://c.saavncdn.com/039/Radioactive-2014-50x50.jpg",
        },
        {
          "quality": "150x150",
          "url": "https://c.saavncdn.com/039/Radioactive-2014-150x150.jpg",
        },
        {
          "quality": "500x500",
          "url": "https://c.saavncdn.com/039/Radioactive-2014-500x500.jpg",
        },
      ],
      "language": "english",
      "name": "Radioactive",
      "playCount": 0,
      "songCount": 1,
      "type": "album",
      "url": "https://www.jiosaavn.com/album/radioactive/K5P4qW0DEmQ_",
      "year": 2014,
    },
  ],
  "start": 1,
  "total": 1350,
}
`;
