// Vitest Snapshot v1, https://vitest.dev/guide/snapshot.html

exports[`GetAlbumByLink > should get album by link and return an album 1`] = `
{
  "artists": {
    "all": [
      {
        "id": "1274170",
        "image": [
          {
            "quality": "50x50",
            "url": "https://c.saavncdn.com/artists/Dua_Lipa_004_20231120090922_50x50.jpg",
          },
          {
            "quality": "150x150",
            "url": "https://c.saavncdn.com/artists/Dua_Lipa_004_20231120090922_150x150.jpg",
          },
          {
            "quality": "500x500",
            "url": "https://c.saavncdn.com/artists/Dua_Lipa_004_20231120090922_500x500.jpg",
          },
        ],
        "name": "Dua Lipa",
        "role": "",
        "type": "artist",
        "url": "https://www.jiosaavn.com/artist/dua-lipa-songs/r-OWIKgpX2I_",
      },
    ],
    "featured": [],
    "primary": [
      {
        "id": "1274170",
        "image": [
          {
            "quality": "50x50",
            "url": "https://c.saavncdn.com/artists/Dua_Lipa_004_20231120090922_50x50.jpg",
          },
          {
            "quality": "150x150",
            "url": "https://c.saavncdn.com/artists/Dua_Lipa_004_20231120090922_150x150.jpg",
          },
          {
            "quality": "500x500",
            "url": "https://c.saavncdn.com/artists/Dua_Lipa_004_20231120090922_500x500.jpg",
          },
        ],
        "name": "Dua Lipa",
        "role": "",
        "type": "artist",
        "url": "https://www.jiosaavn.com/artist/dua-lipa-songs/r-OWIKgpX2I_",
      },
    ],
  },
  "description": "2020 · English Album · Dua Lipa",
  "explicitContent": true,
  "id": "23241654",
  "image": [
    {
      "quality": "50x50",
      "url": "https://c.saavncdn.com/665/Future-Nostalgia-English-2020-20231110075246-50x50.jpg",
    },
    {
      "quality": "150x150",
      "url": "https://c.saavncdn.com/665/Future-Nostalgia-English-2020-20231110075246-150x150.jpg",
    },
    {
      "quality": "500x500",
      "url": "https://c.saavncdn.com/665/Future-Nostalgia-English-2020-20231110075246-500x500.jpg",
    },
  ],
  "language": "english",
  "name": "Future Nostalgia",
  "playCount": Any<Number>,
  "songCount": 13,
  "songs": [
    {
      "album": {
        "id": "23241654",
        "name": "Future Nostalgia",
        "url": "https://www.jiosaavn.com/album/future-nostalgia/ITIyo-GDr7A_",
      },
      "artists": {
        "all": [
          {
            "id": "573802",
            "image": [],
            "name": "Clarence Coffee Jr",
            "role": "music",
            "type": "artist",
            "url": "https://www.jiosaavn.com/artist/clarence-coffee-jr-songs/2mX96rBxCYU_",
          },
          {
            "id": "1274170",
            "image": [
              {
                "quality": "50x50",
                "url": "https://c.saavncdn.com/artists/Dua_Lipa_004_20231120090922_50x50.jpg",
              },
              {
                "quality": "150x150",
                "url": "https://c.saavncdn.com/artists/Dua_Lipa_004_20231120090922_150x150.jpg",
              },
              {
                "quality": "500x500",
                "url": "https://c.saavncdn.com/artists/Dua_Lipa_004_20231120090922_500x500.jpg",
              },
            ],
            "name": "Dua Lipa",
            "role": "music",
            "type": "artist",
            "url": "https://www.jiosaavn.com/artist/dua-lipa-songs/r-OWIKgpX2I_",
          },
          {
            "id": "566172",
            "image": [],
            "name": "Jeff Bhasker",
            "role": "music",
            "type": "artist",
            "url": "https://www.jiosaavn.com/artist/jeff-bhasker-songs/lnl3ESr3WQo_",
          },
          {
            "id": "1274170",
            "image": [
              {
                "quality": "50x50",
                "url": "https://c.saavncdn.com/artists/Dua_Lipa_004_20231120090922_50x50.jpg",
              },
              {
                "quality": "150x150",
                "url": "https://c.saavncdn.com/artists/Dua_Lipa_004_20231120090922_150x150.jpg",
              },
              {
                "quality": "500x500",
                "url": "https://c.saavncdn.com/artists/Dua_Lipa_004_20231120090922_500x500.jpg",
              },
            ],
            "name": "Dua Lipa",
            "role": "singer",
            "type": "artist",
            "url": "https://www.jiosaavn.com/artist/dua-lipa-songs/r-OWIKgpX2I_",
          },
        ],
        "featured": [],
        "primary": [
          {
            "id": "1274170",
            "image": [
              {
                "quality": "50x50",
                "url": "https://c.saavncdn.com/artists/Dua_Lipa_004_20231120090922_50x50.jpg",
              },
              {
                "quality": "150x150",
                "url": "https://c.saavncdn.com/artists/Dua_Lipa_004_20231120090922_150x150.jpg",
              },
              {
                "quality": "500x500",
                "url": "https://c.saavncdn.com/artists/Dua_Lipa_004_20231120090922_500x500.jpg",
              },
            ],
            "name": "Dua Lipa",
            "role": "primary_artists",
            "type": "artist",
            "url": "https://www.jiosaavn.com/artist/dua-lipa-songs/r-OWIKgpX2I_",
          },
        ],
      },
      "copyright": "℗ 2019 Dua Lipa Limited under exclusive license to Warner Music UK, a division of Warner Music UK Limited",
      "downloadUrl": [
        {
          "quality": "12kbps",
          "url": "https://aac.saavncdn.com/665/b54ac43457e147e7ac88af0b18ed406b_12.mp4",
        },
        {
          "quality": "48kbps",
          "url": "https://aac.saavncdn.com/665/b54ac43457e147e7ac88af0b18ed406b_48.mp4",
        },
        {
          "quality": "96kbps",
          "url": "https://aac.saavncdn.com/665/b54ac43457e147e7ac88af0b18ed406b_96.mp4",
        },
        {
          "quality": "160kbps",
          "url": "https://aac.saavncdn.com/665/b54ac43457e147e7ac88af0b18ed406b_160.mp4",
        },
        {
          "quality": "320kbps",
          "url": "https://aac.saavncdn.com/665/b54ac43457e147e7ac88af0b18ed406b_320.mp4",
        },
      ],
      "duration": 184,
      "explicitContent": true,
      "hasLyrics": true,
      "id": "sz5F1aWB",
      "image": [
        {
          "quality": "50x50",
          "url": "https://c.saavncdn.com/665/Future-Nostalgia-English-2020-20231110075246-50x50.jpg",
        },
        {
          "quality": "150x150",
          "url": "https://c.saavncdn.com/665/Future-Nostalgia-English-2020-20231110075246-150x150.jpg",
        },
        {
          "quality": "500x500",
          "url": "https://c.saavncdn.com/665/Future-Nostalgia-English-2020-20231110075246-500x500.jpg",
        },
      ],
      "label": "Warner Records",
      "language": "english",
      "lyricsId": null,
      "name": "Future Nostalgia",
      "playCount": Any<Number>,
      "releaseDate": "2020-03-27",
      "type": "song",
      "url": "https://www.jiosaavn.com/song/future-nostalgia/AxJed0VRYHE",
      "year": 2020,
    },
    {
      "album": {
        "id": "23241654",
        "name": "Future Nostalgia",
        "url": "https://www.jiosaavn.com/album/future-nostalgia/ITIyo-GDr7A_",
      },
      "artists": {
        "all": [
          {
            "id": "1274170",
            "image": [
              {
                "quality": "50x50",
                "url": "https://c.saavncdn.com/artists/Dua_Lipa_004_20231120090922_50x50.jpg",
              },
              {
                "quality": "150x150",
                "url": "https://c.saavncdn.com/artists/Dua_Lipa_004_20231120090922_150x150.jpg",
              },
              {
                "quality": "500x500",
                "url": "https://c.saavncdn.com/artists/Dua_Lipa_004_20231120090922_500x500.jpg",
              },
            ],
            "name": "Dua Lipa",
            "role": "singer",
            "type": "artist",
            "url": "https://www.jiosaavn.com/artist/dua-lipa-songs/r-OWIKgpX2I_",
          },
          {
            "id": "776593",
            "image": [],
            "name": "Caroline Ailin",
            "role": "lyricist",
            "type": "artist",
            "url": "https://www.jiosaavn.com/artist/caroline-ailin-songs/ksTT3ixnrvU_",
          },
          {
            "id": "1274170",
            "image": [
              {
                "quality": "50x50",
                "url": "https://c.saavncdn.com/artists/Dua_Lipa_004_20231120090922_50x50.jpg",
              },
              {
                "quality": "150x150",
                "url": "https://c.saavncdn.com/artists/Dua_Lipa_004_20231120090922_150x150.jpg",
              },
              {
                "quality": "500x500",
                "url": "https://c.saavncdn.com/artists/Dua_Lipa_004_20231120090922_500x500.jpg",
              },
            ],
            "name": "Dua Lipa",
            "role": "lyricist",
            "type": "artist",
            "url": "https://www.jiosaavn.com/artist/dua-lipa-songs/r-OWIKgpX2I_",
          },
          {
            "id": "698397",
            "image": [
              {
                "quality": "50x50",
                "url": "https://c.saavncdn.com/038/Capsize-English-2016-50x50.jpg",
              },
              {
                "quality": "150x150",
                "url": "https://c.saavncdn.com/038/Capsize-English-2016-150x150.jpg",
              },
              {
                "quality": "500x500",
                "url": "https://c.saavncdn.com/038/Capsize-English-2016-500x500.jpg",
              },
            ],
            "name": "Emily Warren",
            "role": "lyricist",
            "type": "artist",
            "url": "https://www.jiosaavn.com/artist/emily-warren-songs/VwuRln-T5mE_",
          },
          {
            "id": "577489",
            "image": [],
            "name": "Ian Kirkpatrick",
            "role": "lyricist",
            "type": "artist",
            "url": "https://www.jiosaavn.com/artist/ian-kirkpatrick-songs/zsvJSi5q-As_",
          },
        ],
        "featured": [],
        "primary": [
          {
            "id": "1274170",
            "image": [
              {
                "quality": "50x50",
                "url": "https://c.saavncdn.com/artists/Dua_Lipa_004_20231120090922_50x50.jpg",
              },
              {
                "quality": "150x150",
                "url": "https://c.saavncdn.com/artists/Dua_Lipa_004_20231120090922_150x150.jpg",
              },
              {
                "quality": "500x500",
                "url": "https://c.saavncdn.com/artists/Dua_Lipa_004_20231120090922_500x500.jpg",
              },
            ],
            "name": "Dua Lipa",
            "role": "primary_artists",
            "type": "artist",
            "url": "https://www.jiosaavn.com/artist/dua-lipa-songs/r-OWIKgpX2I_",
          },
        ],
      },
      "copyright": "℗ 2019 Dua Lipa Limited under exclusive license to Warner Records UK, a division of Warner Music UK Limited",
      "downloadUrl": [
        {
          "quality": "12kbps",
          "url": "https://aac.saavncdn.com/665/c632cc31aaf0627866e6b2adbb843490_12.mp4",
        },
        {
          "quality": "48kbps",
          "url": "https://aac.saavncdn.com/665/c632cc31aaf0627866e6b2adbb843490_48.mp4",
        },
        {
          "quality": "96kbps",
          "url": "https://aac.saavncdn.com/665/c632cc31aaf0627866e6b2adbb843490_96.mp4",
        },
        {
          "quality": "160kbps",
          "url": "https://aac.saavncdn.com/665/c632cc31aaf0627866e6b2adbb843490_160.mp4",
        },
        {
          "quality": "320kbps",
          "url": "https://aac.saavncdn.com/665/c632cc31aaf0627866e6b2adbb843490_320.mp4",
        },
      ],
      "duration": 183,
      "explicitContent": true,
      "hasLyrics": false,
      "id": "gw6XjuYY",
      "image": [
        {
          "quality": "50x50",
          "url": "https://c.saavncdn.com/665/Future-Nostalgia-English-2020-20231110075246-50x50.jpg",
        },
        {
          "quality": "150x150",
          "url": "https://c.saavncdn.com/665/Future-Nostalgia-English-2020-20231110075246-150x150.jpg",
        },
        {
          "quality": "500x500",
          "url": "https://c.saavncdn.com/665/Future-Nostalgia-English-2020-20231110075246-500x500.jpg",
        },
      ],
      "label": "Warner Records",
      "language": "english",
      "lyricsId": null,
      "name": "Don't Start Now",
      "playCount": Any<Number>,
      "releaseDate": "2020-03-27",
      "type": "song",
      "url": "https://www.jiosaavn.com/song/dont-start-now/Fx9daR5Fbmo",
      "year": 2020,
    },
    {
      "album": {
        "id": "23241654",
        "name": "Future Nostalgia",
        "url": "https://www.jiosaavn.com/album/future-nostalgia/ITIyo-GDr7A_",
      },
      "artists": {
        "all": [
          {
            "id": "613919",
            "image": [
              {
                "quality": "50x50",
                "url": "https://c.saavncdn.com/507/Christmas-in-the-Berkshires-English-2011-20180921073123-50x50.jpg",
              },
              {
                "quality": "150x150",
                "url": "https://c.saavncdn.com/507/Christmas-in-the-Berkshires-English-2011-20180921073123-150x150.jpg",
              },
              {
                "quality": "500x500",
                "url": "https://c.saavncdn.com/507/Christmas-in-the-Berkshires-English-2011-20180921073123-500x500.jpg",
              },
            ],
            "name": "Ben Kohn",
            "role": "music",
            "type": "artist",
            "url": "https://www.jiosaavn.com/artist/ben-kohn-songs/TktBXZIk6lY_",
          },
          {
            "id": "678029",
            "image": [],
            "name": "Camille Purcell",
            "role": "music",
            "type": "artist",
            "url": "https://www.jiosaavn.com/artist/camille-purcell-songs/eikyrmwHNEY_",
          },
          {
            "id": "1274170",
            "image": [
              {
                "quality": "50x50",
                "url": "https://c.saavncdn.com/artists/Dua_Lipa_004_20231120090922_50x50.jpg",
              },
              {
                "quality": "150x150",
                "url": "https://c.saavncdn.com/artists/Dua_Lipa_004_20231120090922_150x150.jpg",
              },
              {
                "quality": "500x500",
                "url": "https://c.saavncdn.com/artists/Dua_Lipa_004_20231120090922_500x500.jpg",
              },
            ],
            "name": "Dua Lipa",
            "role": "music",
            "type": "artist",
            "url": "https://www.jiosaavn.com/artist/dua-lipa-songs/r-OWIKgpX2I_",
          },
          {
            "id": "632102",
            "image": [],
            "name": "Pete Kelleher",
            "role": "music",
            "type": "artist",
            "url": "https://www.jiosaavn.com/artist/pete-kelleher-songs/nYZUreZf,b8_",
          },
          {
            "id": "882822",
            "image": [],
            "name": "Shakka Philip",
            "role": "music",
            "type": "artist",
            "url": "https://www.jiosaavn.com/artist/shakka-philip-songs/uuvVFJ5qi08_",
          },
          {
            "id": "613921",
            "image": [
              {
                "quality": "50x50",
                "url": "https://c.saavncdn.com/707/Mantle-English-2019-20191223225914-50x50.jpg",
              },
              {
                "quality": "150x150",
                "url": "https://c.saavncdn.com/707/Mantle-English-2019-20191223225914-150x150.jpg",
              },
              {
                "quality": "500x500",
                "url": "https://c.saavncdn.com/707/Mantle-English-2019-20191223225914-500x500.jpg",
              },
            ],
            "name": "Tom Barnes",
            "role": "music",
            "type": "artist",
            "url": "https://www.jiosaavn.com/artist/tom-barnes-songs/ObvZUE45DcA_",
          },
          {
            "id": "707698",
            "image": [
              {
                "quality": "50x50",
                "url": "https://c.saavncdn.com/artists/Tove_Lo_20200218150027_50x50.jpg",
              },
              {
                "quality": "150x150",
                "url": "https://c.saavncdn.com/artists/Tove_Lo_20200218150027_150x150.jpg",
              },
              {
                "quality": "500x500",
                "url": "https://c.saavncdn.com/artists/Tove_Lo_20200218150027_500x500.jpg",
              },
            ],
            "name": "Tove Lo",
            "role": "music",
            "type": "artist",
            "url": "https://www.jiosaavn.com/artist/tove-lo-songs/wBPjTKDNv9Q_",
          },
          {
            "id": "1274170",
            "image": [
              {
                "quality": "50x50",
                "url": "https://c.saavncdn.com/artists/Dua_Lipa_004_20231120090922_50x50.jpg",
              },
              {
                "quality": "150x150",
                "url": "https://c.saavncdn.com/artists/Dua_Lipa_004_20231120090922_150x150.jpg",
              },
              {
                "quality": "500x500",
                "url": "https://c.saavncdn.com/artists/Dua_Lipa_004_20231120090922_500x500.jpg",
              },
            ],
            "name": "Dua Lipa",
            "role": "singer",
            "type": "artist",
            "url": "https://www.jiosaavn.com/artist/dua-lipa-songs/r-OWIKgpX2I_",
          },
        ],
        "featured": [],
        "primary": [
          {
            "id": "1274170",
            "image": [
              {
                "quality": "50x50",
                "url": "https://c.saavncdn.com/artists/Dua_Lipa_004_20231120090922_50x50.jpg",
              },
              {
                "quality": "150x150",
                "url": "https://c.saavncdn.com/artists/Dua_Lipa_004_20231120090922_150x150.jpg",
              },
              {
                "quality": "500x500",
                "url": "https://c.saavncdn.com/artists/Dua_Lipa_004_20231120090922_500x500.jpg",
              },
            ],
            "name": "Dua Lipa",
            "role": "primary_artists",
            "type": "artist",
            "url": "https://www.jiosaavn.com/artist/dua-lipa-songs/r-OWIKgpX2I_",
          },
        ],
      },
      "copyright": "℗ 2020  Dua Lipa Limited under exclusive license to Warner Records UK, a division of Warner Music UK Limited",
      "downloadUrl": [
        {
          "quality": "12kbps",
          "url": "https://aac.saavncdn.com/665/de8854c261cebde93b0cb237299522a9_12.mp4",
        },
        {
          "quality": "48kbps",
          "url": "https://aac.saavncdn.com/665/de8854c261cebde93b0cb237299522a9_48.mp4",
        },
        {
          "quality": "96kbps",
          "url": "https://aac.saavncdn.com/665/de8854c261cebde93b0cb237299522a9_96.mp4",
        },
        {
          "quality": "160kbps",
          "url": "https://aac.saavncdn.com/665/de8854c261cebde93b0cb237299522a9_160.mp4",
        },
        {
          "quality": "320kbps",
          "url": "https://aac.saavncdn.com/665/de8854c261cebde93b0cb237299522a9_320.mp4",
        },
      ],
      "duration": 209,
      "explicitContent": true,
      "hasLyrics": false,
      "id": "wNTvSTeV",
      "image": [
        {
          "quality": "50x50",
          "url": "https://c.saavncdn.com/665/Future-Nostalgia-English-2020-20231110075246-50x50.jpg",
        },
        {
          "quality": "150x150",
          "url": "https://c.saavncdn.com/665/Future-Nostalgia-English-2020-20231110075246-150x150.jpg",
        },
        {
          "quality": "500x500",
          "url": "https://c.saavncdn.com/665/Future-Nostalgia-English-2020-20231110075246-500x500.jpg",
        },
      ],
      "label": "Warner Records",
      "language": "english",
      "lyricsId": null,
      "name": "Cool",
      "playCount": Any<Number>,
      "releaseDate": "2020-03-27",
      "type": "song",
      "url": "https://www.jiosaavn.com/song/cool/ByY-RydkUmU",
      "year": 2020,
    },
    {
      "album": {
        "id": "23241654",
        "name": "Future Nostalgia",
        "url": "https://www.jiosaavn.com/album/future-nostalgia/ITIyo-GDr7A_",
      },
      "artists": {
        "all": [
          {
            "id": "573802",
            "image": [],
            "name": "Clarence Coffee Jr",
            "role": "music",
            "type": "artist",
            "url": "https://www.jiosaavn.com/artist/clarence-coffee-jr-songs/2mX96rBxCYU_",
          },
          {
            "id": "1274170",
            "image": [
              {
                "quality": "50x50",
                "url": "https://c.saavncdn.com/artists/Dua_Lipa_004_20231120090922_50x50.jpg",
              },
              {
                "quality": "150x150",
                "url": "https://c.saavncdn.com/artists/Dua_Lipa_004_20231120090922_150x150.jpg",
              },
              {
                "quality": "500x500",
                "url": "https://c.saavncdn.com/artists/Dua_Lipa_004_20231120090922_500x500.jpg",
              },
            ],
            "name": "Dua Lipa",
            "role": "music",
            "type": "artist",
            "url": "https://www.jiosaavn.com/artist/dua-lipa-songs/r-OWIKgpX2I_",
          },
          {
            "id": "591993",
            "image": [
              {
                "quality": "50x50",
                "url": "https://c.saavncdn.com/949/Teen-Beach-Movie-English-2013-50x50.jpg",
              },
              {
                "quality": "150x150",
                "url": "https://c.saavncdn.com/949/Teen-Beach-Movie-English-2013-150x150.jpg",
              },
              {
                "quality": "500x500",
                "url": "https://c.saavncdn.com/949/Teen-Beach-Movie-English-2013-500x500.jpg",
              },
            ],
            "name": "Jason Evigan",
            "role": "music",
            "type": "artist",
            "url": "https://www.jiosaavn.com/artist/jason-evigan-songs/,zVmyXajdpg_",
          },
          {
            "id": "702498",
            "image": [
              {
                "quality": "50x50",
                "url": "https://c.saavncdn.com/587/Gypsy-Girl-A-Cappella--English-2017-20191123100913-50x50.jpg",
              },
              {
                "quality": "150x150",
                "url": "https://c.saavncdn.com/587/Gypsy-Girl-A-Cappella--English-2017-20191123100913-150x150.jpg",
              },
              {
                "quality": "500x500",
                "url": "https://c.saavncdn.com/587/Gypsy-Girl-A-Cappella--English-2017-20191123100913-500x500.jpg",
              },
            ],
            "name": "Sarah Hudson",
            "role": "music",
            "type": "artist",
            "url": "https://www.jiosaavn.com/artist/sarah-hudson-songs/pW4Y,NKAPPI_",
          },
          {
            "id": "1274170",
            "image": [
              {
                "quality": "50x50",
                "url": "https://c.saavncdn.com/artists/Dua_Lipa_004_20231120090922_50x50.jpg",
              },
              {
                "quality": "150x150",
                "url": "https://c.saavncdn.com/artists/Dua_Lipa_004_20231120090922_150x150.jpg",
              },
              {
                "quality": "500x500",
                "url": "https://c.saavncdn.com/artists/Dua_Lipa_004_20231120090922_500x500.jpg",
              },
            ],
            "name": "Dua Lipa",
            "role": "singer",
            "type": "artist",
            "url": "https://www.jiosaavn.com/artist/dua-lipa-songs/r-OWIKgpX2I_",
          },
        ],
        "featured": [],
        "primary": [
          {
            "id": "1274170",
            "image": [
              {
                "quality": "50x50",
                "url": "https://c.saavncdn.com/artists/Dua_Lipa_004_20231120090922_50x50.jpg",
              },
              {
                "quality": "150x150",
                "url": "https://c.saavncdn.com/artists/Dua_Lipa_004_20231120090922_150x150.jpg",
              },
              {
                "quality": "500x500",
                "url": "https://c.saavncdn.com/artists/Dua_Lipa_004_20231120090922_500x500.jpg",
              },
            ],
            "name": "Dua Lipa",
            "role": "primary_artists",
            "type": "artist",
            "url": "https://www.jiosaavn.com/artist/dua-lipa-songs/r-OWIKgpX2I_",
          },
        ],
      },
      "copyright": "℗ 2020 Dua Lipa Limited under exclusive license to Warner Records UK, a division of Warner Music UK Limited",
      "downloadUrl": [
        {
          "quality": "12kbps",
          "url": "https://aac.saavncdn.com/665/f59adc61cad30842d5d32aad77ef76cc_12.mp4",
        },
        {
          "quality": "48kbps",
          "url": "https://aac.saavncdn.com/665/f59adc61cad30842d5d32aad77ef76cc_48.mp4",
        },
        {
          "quality": "96kbps",
          "url": "https://aac.saavncdn.com/665/f59adc61cad30842d5d32aad77ef76cc_96.mp4",
        },
        {
          "quality": "160kbps",
          "url": "https://aac.saavncdn.com/665/f59adc61cad30842d5d32aad77ef76cc_160.mp4",
        },
        {
          "quality": "320kbps",
          "url": "https://aac.saavncdn.com/665/f59adc61cad30842d5d32aad77ef76cc_320.mp4",
        },
      ],
      "duration": 193,
      "explicitContent": true,
      "hasLyrics": false,
      "id": "0LqLnJyM",
      "image": [
        {
          "quality": "50x50",
          "url": "https://c.saavncdn.com/665/Future-Nostalgia-English-2020-20231110075246-50x50.jpg",
        },
        {
          "quality": "150x150",
          "url": "https://c.saavncdn.com/665/Future-Nostalgia-English-2020-20231110075246-150x150.jpg",
        },
        {
          "quality": "500x500",
          "url": "https://c.saavncdn.com/665/Future-Nostalgia-English-2020-20231110075246-500x500.jpg",
        },
      ],
      "label": "Warner Records",
      "language": "english",
      "lyricsId": null,
      "name": "Physical",
      "playCount": Any<Number>,
      "releaseDate": "2020-03-27",
      "type": "song",
      "url": "https://www.jiosaavn.com/song/physical/QCQafRp6Tn4",
      "year": 2020,
    },
    {
      "album": {
        "id": "23241654",
        "name": "Future Nostalgia",
        "url": "https://www.jiosaavn.com/album/future-nostalgia/ITIyo-GDr7A_",
      },
      "artists": {
        "all": [
          {
            "id": "573802",
            "image": [],
            "name": "Clarence Coffee Jr",
            "role": "music",
            "type": "artist",
            "url": "https://www.jiosaavn.com/artist/clarence-coffee-jr-songs/2mX96rBxCYU_",
          },
          {
            "id": "1274170",
            "image": [
              {
                "quality": "50x50",
                "url": "https://c.saavncdn.com/artists/Dua_Lipa_004_20231120090922_50x50.jpg",
              },
              {
                "quality": "150x150",
                "url": "https://c.saavncdn.com/artists/Dua_Lipa_004_20231120090922_150x150.jpg",
              },
              {
                "quality": "500x500",
                "url": "https://c.saavncdn.com/artists/Dua_Lipa_004_20231120090922_500x500.jpg",
              },
            ],
            "name": "Dua Lipa",
            "role": "music",
            "type": "artist",
            "url": "https://www.jiosaavn.com/artist/dua-lipa-songs/r-OWIKgpX2I_",
          },
          {
            "id": "702498",
            "image": [
              {
                "quality": "50x50",
                "url": "https://c.saavncdn.com/587/Gypsy-Girl-A-Cappella--English-2017-20191123100913-50x50.jpg",
              },
              {
                "quality": "150x150",
                "url": "https://c.saavncdn.com/587/Gypsy-Girl-A-Cappella--English-2017-20191123100913-150x150.jpg",
              },
              {
                "quality": "500x500",
                "url": "https://c.saavncdn.com/587/Gypsy-Girl-A-Cappella--English-2017-20191123100913-500x500.jpg",
              },
            ],
            "name": "Sarah Hudson",
            "role": "music",
            "type": "artist",
            "url": "https://www.jiosaavn.com/artist/sarah-hudson-songs/pW4Y,NKAPPI_",
          },
          {
            "id": "599533",
            "image": [],
            "name": "Stephen Kozmeniuk",
            "role": "music",
            "type": "artist",
            "url": "https://www.jiosaavn.com/artist/stephen-kozmeniuk-songs/lS1-2YuC5oc_",
          },
          {
            "id": "1274170",
            "image": [
              {
                "quality": "50x50",
                "url": "https://c.saavncdn.com/artists/Dua_Lipa_004_20231120090922_50x50.jpg",
              },
              {
                "quality": "150x150",
                "url": "https://c.saavncdn.com/artists/Dua_Lipa_004_20231120090922_150x150.jpg",
              },
              {
                "quality": "500x500",
                "url": "https://c.saavncdn.com/artists/Dua_Lipa_004_20231120090922_500x500.jpg",
              },
            ],
            "name": "Dua Lipa",
            "role": "singer",
            "type": "artist",
            "url": "https://www.jiosaavn.com/artist/dua-lipa-songs/r-OWIKgpX2I_",
          },
        ],
        "featured": [],
        "primary": [
          {
            "id": "1274170",
            "image": [
              {
                "quality": "50x50",
                "url": "https://c.saavncdn.com/artists/Dua_Lipa_004_20231120090922_50x50.jpg",
              },
              {
                "quality": "150x150",
                "url": "https://c.saavncdn.com/artists/Dua_Lipa_004_20231120090922_150x150.jpg",
              },
              {
                "quality": "500x500",
                "url": "https://c.saavncdn.com/artists/Dua_Lipa_004_20231120090922_500x500.jpg",
              },
            ],
            "name": "Dua Lipa",
            "role": "primary_artists",
            "type": "artist",
            "url": "https://www.jiosaavn.com/artist/dua-lipa-songs/r-OWIKgpX2I_",
          },
        ],
      },
      "copyright": "℗ 2020  Dua Lipa Limited under exclusive license to Warner Records UK, a division of Warner Music UK Limited",
      "downloadUrl": [
        {
          "quality": "12kbps",
          "url": "https://aac.saavncdn.com/665/7790c3b9097592113008eaf1031d6e57_12.mp4",
        },
        {
          "quality": "48kbps",
          "url": "https://aac.saavncdn.com/665/7790c3b9097592113008eaf1031d6e57_48.mp4",
        },
        {
          "quality": "96kbps",
          "url": "https://aac.saavncdn.com/665/7790c3b9097592113008eaf1031d6e57_96.mp4",
        },
        {
          "quality": "160kbps",
          "url": "https://aac.saavncdn.com/665/7790c3b9097592113008eaf1031d6e57_160.mp4",
        },
        {
          "quality": "320kbps",
          "url": "https://aac.saavncdn.com/665/7790c3b9097592113008eaf1031d6e57_320.mp4",
        },
      ],
      "duration": 203,
      "explicitContent": true,
      "hasLyrics": false,
      "id": "3IoDK8qI",
      "image": [
        {
          "quality": "50x50",
          "url": "https://c.saavncdn.com/665/Future-Nostalgia-English-2020-20231110075246-50x50.jpg",
        },
        {
          "quality": "150x150",
          "url": "https://c.saavncdn.com/665/Future-Nostalgia-English-2020-20231110075246-150x150.jpg",
        },
        {
          "quality": "500x500",
          "url": "https://c.saavncdn.com/665/Future-Nostalgia-English-2020-20231110075246-500x500.jpg",
        },
      ],
      "label": "Warner Records",
      "language": "english",
      "lyricsId": null,
      "name": "Levitating",
      "playCount": Any<Number>,
      "releaseDate": "2020-03-27",
      "type": "song",
      "url": "https://www.jiosaavn.com/song/levitating/QyEEdT8IRno",
      "year": 2020,
    },
    {
      "album": {
        "id": "23241654",
        "name": "Future Nostalgia",
        "url": "https://www.jiosaavn.com/album/future-nostalgia/ITIyo-GDr7A_",
      },
      "artists": {
        "all": [
          {
            "id": "776593",
            "image": [],
            "name": "Caroline Ailin",
            "role": "music",
            "type": "artist",
            "url": "https://www.jiosaavn.com/artist/caroline-ailin-songs/ksTT3ixnrvU_",
          },
          {
            "id": "1274170",
            "image": [
              {
                "quality": "50x50",
                "url": "https://c.saavncdn.com/artists/Dua_Lipa_004_20231120090922_50x50.jpg",
              },
              {
                "quality": "150x150",
                "url": "https://c.saavncdn.com/artists/Dua_Lipa_004_20231120090922_150x150.jpg",
              },
              {
                "quality": "500x500",
                "url": "https://c.saavncdn.com/artists/Dua_Lipa_004_20231120090922_500x500.jpg",
              },
            ],
            "name": "Dua Lipa",
            "role": "music",
            "type": "artist",
            "url": "https://www.jiosaavn.com/artist/dua-lipa-songs/r-OWIKgpX2I_",
          },
          {
            "id": "577489",
            "image": [],
            "name": "Ian Kirkpatrick",
            "role": "music",
            "type": "artist",
            "url": "https://www.jiosaavn.com/artist/ian-kirkpatrick-songs/zsvJSi5q-As_",
          },
          {
            "id": "672852",
            "image": [
              {
                "quality": "50x50",
                "url": "https://c.saavncdn.com/artists/Julia_Michaels_20200220103730_50x50.jpg",
              },
              {
                "quality": "150x150",
                "url": "https://c.saavncdn.com/artists/Julia_Michaels_20200220103730_150x150.jpg",
              },
              {
                "quality": "500x500",
                "url": "https://c.saavncdn.com/artists/Julia_Michaels_20200220103730_500x500.jpg",
              },
            ],
            "name": "Julia Michaels",
            "role": "music",
            "type": "artist",
            "url": "https://www.jiosaavn.com/artist/julia-michaels-songs/OboBJBVTzgs_",
          },
          {
            "id": "1274170",
            "image": [
              {
                "quality": "50x50",
                "url": "https://c.saavncdn.com/artists/Dua_Lipa_004_20231120090922_50x50.jpg",
              },
              {
                "quality": "150x150",
                "url": "https://c.saavncdn.com/artists/Dua_Lipa_004_20231120090922_150x150.jpg",
              },
              {
                "quality": "500x500",
                "url": "https://c.saavncdn.com/artists/Dua_Lipa_004_20231120090922_500x500.jpg",
              },
            ],
            "name": "Dua Lipa",
            "role": "singer",
            "type": "artist",
            "url": "https://www.jiosaavn.com/artist/dua-lipa-songs/r-OWIKgpX2I_",
          },
        ],
        "featured": [],
        "primary": [
          {
            "id": "1274170",
            "image": [
              {
                "quality": "50x50",
                "url": "https://c.saavncdn.com/artists/Dua_Lipa_004_20231120090922_50x50.jpg",
              },
              {
                "quality": "150x150",
                "url": "https://c.saavncdn.com/artists/Dua_Lipa_004_20231120090922_150x150.jpg",
              },
              {
                "quality": "500x500",
                "url": "https://c.saavncdn.com/artists/Dua_Lipa_004_20231120090922_500x500.jpg",
              },
            ],
            "name": "Dua Lipa",
            "role": "primary_artists",
            "type": "artist",
            "url": "https://www.jiosaavn.com/artist/dua-lipa-songs/r-OWIKgpX2I_",
          },
        ],
      },
      "copyright": "℗ 2020  Dua Lipa Limited under exclusive license to Warner Records UK, a division of Warner Music UK Limited",
      "downloadUrl": [
        {
          "quality": "12kbps",
          "url": "https://aac.saavncdn.com/665/12754f31c63286eda8251d4e3d49dae1_12.mp4",
        },
        {
          "quality": "48kbps",
          "url": "https://aac.saavncdn.com/665/12754f31c63286eda8251d4e3d49dae1_48.mp4",
        },
        {
          "quality": "96kbps",
          "url": "https://aac.saavncdn.com/665/12754f31c63286eda8251d4e3d49dae1_96.mp4",
        },
        {
          "quality": "160kbps",
          "url": "https://aac.saavncdn.com/665/12754f31c63286eda8251d4e3d49dae1_160.mp4",
        },
        {
          "quality": "320kbps",
          "url": "https://aac.saavncdn.com/665/12754f31c63286eda8251d4e3d49dae1_320.mp4",
        },
      ],
      "duration": 194,
      "explicitContent": true,
      "hasLyrics": false,
      "id": "mp09QKJc",
      "image": [
        {
          "quality": "50x50",
          "url": "https://c.saavncdn.com/665/Future-Nostalgia-English-2020-20231110075246-50x50.jpg",
        },
        {
          "quality": "150x150",
          "url": "https://c.saavncdn.com/665/Future-Nostalgia-English-2020-20231110075246-150x150.jpg",
        },
        {
          "quality": "500x500",
          "url": "https://c.saavncdn.com/665/Future-Nostalgia-English-2020-20231110075246-500x500.jpg",
        },
      ],
      "label": "Warner Records",
      "language": "english",
      "lyricsId": null,
      "name": "Pretty Please",
      "playCount": Any<Number>,
      "releaseDate": "2020-03-27",
      "type": "song",
      "url": "https://www.jiosaavn.com/song/pretty-please/HRhbCCV7fVA",
      "year": 2020,
    },
    {
      "album": {
        "id": "23241654",
        "name": "Future Nostalgia",
        "url": "https://www.jiosaavn.com/album/future-nostalgia/ITIyo-GDr7A_",
      },
      "artists": {
        "all": [
          {
            "id": "1274170",
            "image": [
              {
                "quality": "50x50",
                "url": "https://c.saavncdn.com/artists/Dua_Lipa_004_20231120090922_50x50.jpg",
              },
              {
                "quality": "150x150",
                "url": "https://c.saavncdn.com/artists/Dua_Lipa_004_20231120090922_150x150.jpg",
              },
              {
                "quality": "500x500",
                "url": "https://c.saavncdn.com/artists/Dua_Lipa_004_20231120090922_500x500.jpg",
              },
            ],
            "name": "Dua Lipa",
            "role": "music",
            "type": "artist",
            "url": "https://www.jiosaavn.com/artist/dua-lipa-songs/r-OWIKgpX2I_",
          },
          {
            "id": "4521858",
            "image": [],
            "name": "Samuel George Lewis",
            "role": "music",
            "type": "artist",
            "url": "https://www.jiosaavn.com/artist/samuel-george-lewis-songs/ZVzkyvCfr-k_",
          },
          {
            "id": "2607495",
            "image": [],
            "name": "Sophie Frances Cooke",
            "role": "music",
            "type": "artist",
            "url": "https://www.jiosaavn.com/artist/sophie-frances-cooke-songs/6TnITnwuIyw_",
          },
          {
            "id": "1274170",
            "image": [
              {
                "quality": "50x50",
                "url": "https://c.saavncdn.com/artists/Dua_Lipa_004_20231120090922_50x50.jpg",
              },
              {
                "quality": "150x150",
                "url": "https://c.saavncdn.com/artists/Dua_Lipa_004_20231120090922_150x150.jpg",
              },
              {
                "quality": "500x500",
                "url": "https://c.saavncdn.com/artists/Dua_Lipa_004_20231120090922_500x500.jpg",
              },
            ],
            "name": "Dua Lipa",
            "role": "singer",
            "type": "artist",
            "url": "https://www.jiosaavn.com/artist/dua-lipa-songs/r-OWIKgpX2I_",
          },
        ],
        "featured": [],
        "primary": [
          {
            "id": "1274170",
            "image": [
              {
                "quality": "50x50",
                "url": "https://c.saavncdn.com/artists/Dua_Lipa_004_20231120090922_50x50.jpg",
              },
              {
                "quality": "150x150",
                "url": "https://c.saavncdn.com/artists/Dua_Lipa_004_20231120090922_150x150.jpg",
              },
              {
                "quality": "500x500",
                "url": "https://c.saavncdn.com/artists/Dua_Lipa_004_20231120090922_500x500.jpg",
              },
            ],
            "name": "Dua Lipa",
            "role": "primary_artists",
            "type": "artist",
            "url": "https://www.jiosaavn.com/artist/dua-lipa-songs/r-OWIKgpX2I_",
          },
        ],
      },
      "copyright": "℗ 2020  Dua Lipa Limited under exclusive license to Warner Records UK, a division of Warner Music UK Limited",
      "downloadUrl": [
        {
          "quality": "12kbps",
          "url": "https://aac.saavncdn.com/665/506d5bcf23172d62705c800d51ed157b_12.mp4",
        },
        {
          "quality": "48kbps",
          "url": "https://aac.saavncdn.com/665/506d5bcf23172d62705c800d51ed157b_48.mp4",
        },
        {
          "quality": "96kbps",
          "url": "https://aac.saavncdn.com/665/506d5bcf23172d62705c800d51ed157b_96.mp4",
        },
        {
          "quality": "160kbps",
          "url": "https://aac.saavncdn.com/665/506d5bcf23172d62705c800d51ed157b_160.mp4",
        },
        {
          "quality": "320kbps",
          "url": "https://aac.saavncdn.com/665/506d5bcf23172d62705c800d51ed157b_320.mp4",
        },
      ],
      "duration": 208,
      "explicitContent": true,
      "hasLyrics": true,
      "id": "9DkBs29O",
      "image": [
        {
          "quality": "50x50",
          "url": "https://c.saavncdn.com/665/Future-Nostalgia-English-2020-20231110075246-50x50.jpg",
        },
        {
          "quality": "150x150",
          "url": "https://c.saavncdn.com/665/Future-Nostalgia-English-2020-20231110075246-150x150.jpg",
        },
        {
          "quality": "500x500",
          "url": "https://c.saavncdn.com/665/Future-Nostalgia-English-2020-20231110075246-500x500.jpg",
        },
      ],
      "label": "Warner Records",
      "language": "english",
      "lyricsId": null,
      "name": "Hallucinate",
      "playCount": Any<Number>,
      "releaseDate": "2020-03-27",
      "type": "song",
      "url": "https://www.jiosaavn.com/song/hallucinate/SSwAcwcCDnw",
      "year": 2020,
    },
    {
      "album": {
        "id": "23241654",
        "name": "Future Nostalgia",
        "url": "https://www.jiosaavn.com/album/future-nostalgia/ITIyo-GDr7A_",
      },
      "artists": {
        "all": [
          {
            "id": "742265",
            "image": [
              {
                "quality": "50x50",
                "url": "https://c.saavncdn.com/957/I-Need-a-Night-Out-English-2018-20180806185047-50x50.jpg",
              },
              {
                "quality": "150x150",
                "url": "https://c.saavncdn.com/957/I-Need-a-Night-Out-English-2018-20180806185047-150x150.jpg",
              },
              {
                "quality": "500x500",
                "url": "https://c.saavncdn.com/957/I-Need-a-Night-Out-English-2018-20180806185047-500x500.jpg",
              },
            ],
            "name": "Chelcee Grimes",
            "role": "music",
            "type": "artist",
            "url": "https://www.jiosaavn.com/artist/chelcee-grimes-songs/XwP3snpNdDI_",
          },
          {
            "id": "573802",
            "image": [],
            "name": "Clarence Coffee Jr",
            "role": "music",
            "type": "artist",
            "url": "https://www.jiosaavn.com/artist/clarence-coffee-jr-songs/2mX96rBxCYU_",
          },
          {
            "id": "585225",
            "image": [
              {
                "quality": "50x50",
                "url": "https://c.saavncdn.com/892/Crosby-Nash-Without-Stills-Young-The-Dave-Cash-Collection-English-2011-50x50.jpg",
              },
              {
                "quality": "150x150",
                "url": "https://c.saavncdn.com/892/Crosby-Nash-Without-Stills-Young-The-Dave-Cash-Collection-English-2011-150x150.jpg",
              },
              {
                "quality": "500x500",
                "url": "https://c.saavncdn.com/892/Crosby-Nash-Without-Stills-Young-The-Dave-Cash-Collection-English-2011-500x500.jpg",
              },
            ],
            "name": "Crosby",
            "role": "music",
            "type": "artist",
            "url": "https://www.jiosaavn.com/artist/crosby-songs/VnQRDtMVlow_",
          },
          {
            "id": "1274170",
            "image": [
              {
                "quality": "50x50",
                "url": "https://c.saavncdn.com/artists/Dua_Lipa_004_20231120090922_50x50.jpg",
              },
              {
                "quality": "150x150",
                "url": "https://c.saavncdn.com/artists/Dua_Lipa_004_20231120090922_150x150.jpg",
              },
              {
                "quality": "500x500",
                "url": "https://c.saavncdn.com/artists/Dua_Lipa_004_20231120090922_500x500.jpg",
              },
            ],
            "name": "Dua Lipa",
            "role": "music",
            "type": "artist",
            "url": "https://www.jiosaavn.com/artist/dua-lipa-songs/r-OWIKgpX2I_",
          },
          {
            "id": "599533",
            "image": [],
            "name": "Stephen Kozmeniuk",
            "role": "music",
            "type": "artist",
            "url": "https://www.jiosaavn.com/artist/stephen-kozmeniuk-songs/lS1-2YuC5oc_",
          },
          {
            "id": "1130984",
            "image": [],
            "name": "Wallman",
            "role": "music",
            "type": "artist",
            "url": "https://www.jiosaavn.com/artist/wallman-songs/QkFVfxVnRxw_",
          },
          {
            "id": "2100501",
            "image": [],
            "name": "Wartell",
            "role": "music",
            "type": "artist",
            "url": "https://www.jiosaavn.com/artist/wartell-songs/BMNd28V2ydA_",
          },
          {
            "id": "1274170",
            "image": [
              {
                "quality": "50x50",
                "url": "https://c.saavncdn.com/artists/Dua_Lipa_004_20231120090922_50x50.jpg",
              },
              {
                "quality": "150x150",
                "url": "https://c.saavncdn.com/artists/Dua_Lipa_004_20231120090922_150x150.jpg",
              },
              {
                "quality": "500x500",
                "url": "https://c.saavncdn.com/artists/Dua_Lipa_004_20231120090922_500x500.jpg",
              },
            ],
            "name": "Dua Lipa",
            "role": "singer",
            "type": "artist",
            "url": "https://www.jiosaavn.com/artist/dua-lipa-songs/r-OWIKgpX2I_",
          },
        ],
        "featured": [],
        "primary": [
          {
            "id": "1274170",
            "image": [
              {
                "quality": "50x50",
                "url": "https://c.saavncdn.com/artists/Dua_Lipa_004_20231120090922_50x50.jpg",
              },
              {
                "quality": "150x150",
                "url": "https://c.saavncdn.com/artists/Dua_Lipa_004_20231120090922_150x150.jpg",
              },
              {
                "quality": "500x500",
                "url": "https://c.saavncdn.com/artists/Dua_Lipa_004_20231120090922_500x500.jpg",
              },
            ],
            "name": "Dua Lipa",
            "role": "primary_artists",
            "type": "artist",
            "url": "https://www.jiosaavn.com/artist/dua-lipa-songs/r-OWIKgpX2I_",
          },
        ],
      },
      "copyright": "Under exclusive license to Warner Records UK, a division of Warner Music UK Limited, ℗ 2020  Dua Lipa Limited",
      "downloadUrl": [
        {
          "quality": "12kbps",
          "url": "https://aac.saavncdn.com/665/345db6fd4257836c528aba8067b49863_12.mp4",
        },
        {
          "quality": "48kbps",
          "url": "https://aac.saavncdn.com/665/345db6fd4257836c528aba8067b49863_48.mp4",
        },
        {
          "quality": "96kbps",
          "url": "https://aac.saavncdn.com/665/345db6fd4257836c528aba8067b49863_96.mp4",
        },
        {
          "quality": "160kbps",
          "url": "https://aac.saavncdn.com/665/345db6fd4257836c528aba8067b49863_160.mp4",
        },
        {
          "quality": "320kbps",
          "url": "https://aac.saavncdn.com/665/345db6fd4257836c528aba8067b49863_320.mp4",
        },
      ],
      "duration": 258,
      "explicitContent": true,
      "hasLyrics": false,
      "id": "NYbOVCNT",
      "image": [
        {
          "quality": "50x50",
          "url": "https://c.saavncdn.com/665/Future-Nostalgia-English-2020-20231110075246-50x50.jpg",
        },
        {
          "quality": "150x150",
          "url": "https://c.saavncdn.com/665/Future-Nostalgia-English-2020-20231110075246-150x150.jpg",
        },
        {
          "quality": "500x500",
          "url": "https://c.saavncdn.com/665/Future-Nostalgia-English-2020-20231110075246-500x500.jpg",
        },
      ],
      "label": "Warner Records",
      "language": "english",
      "lyricsId": null,
      "name": "Love Again",
      "playCount": Any<Number>,
      "releaseDate": "2020-03-27",
      "type": "song",
      "url": "https://www.jiosaavn.com/song/love-again/PjEJfiJzeWc",
      "year": 2020,
    },
    {
      "album": {
        "id": "23241654",
        "name": "Future Nostalgia",
        "url": "https://www.jiosaavn.com/album/future-nostalgia/ITIyo-GDr7A_",
      },
      "artists": {
        "all": [
          {
            "id": "566701",
            "image": [],
            "name": "Ali Tamposi",
            "role": "music",
            "type": "artist",
            "url": "https://www.jiosaavn.com/artist/ali-tamposi-songs/uXzfkjl2h6g_",
          },
          {
            "id": "571060",
            "image": [
              {
                "quality": "50x50",
                "url": "https://c.saavncdn.com/509/Come-Midnight-English-2019-20200105085014-50x50.jpg",
              },
              {
                "quality": "150x150",
                "url": "https://c.saavncdn.com/509/Come-Midnight-English-2019-20200105085014-150x150.jpg",
              },
              {
                "quality": "500x500",
                "url": "https://c.saavncdn.com/509/Come-Midnight-English-2019-20200105085014-500x500.jpg",
              },
            ],
            "name": "Andrew Farriss",
            "role": "music",
            "type": "artist",
            "url": "https://www.jiosaavn.com/artist/andrew-farriss-songs/3eWWFeRs4ls_",
          },
          {
            "id": "1256966",
            "image": [
              {
                "quality": "50x50",
                "url": "https://c.saavncdn.com/714/On-My-Own-English-2008-50x50.jpg",
              },
              {
                "quality": "150x150",
                "url": "https://c.saavncdn.com/714/On-My-Own-English-2008-150x150.jpg",
              },
              {
                "quality": "500x500",
                "url": "https://c.saavncdn.com/714/On-My-Own-English-2008-500x500.jpg",
              },
            ],
            "name": "Andrew Wotman",
            "role": "music",
            "type": "artist",
            "url": "https://www.jiosaavn.com/artist/andrew-wotman-songs/IKutWGGxYdI_",
          },
          {
            "id": "1274170",
            "image": [
              {
                "quality": "50x50",
                "url": "https://c.saavncdn.com/artists/Dua_Lipa_004_20231120090922_50x50.jpg",
              },
              {
                "quality": "150x150",
                "url": "https://c.saavncdn.com/artists/Dua_Lipa_004_20231120090922_150x150.jpg",
              },
              {
                "quality": "500x500",
                "url": "https://c.saavncdn.com/artists/Dua_Lipa_004_20231120090922_500x500.jpg",
              },
            ],
            "name": "Dua Lipa",
            "role": "music",
            "type": "artist",
            "url": "https://www.jiosaavn.com/artist/dua-lipa-songs/r-OWIKgpX2I_",
          },
          {
            "id": "1825828",
            "image": [],
            "name": "Jordan K. Johnson",
            "role": "music",
            "type": "artist",
            "url": "https://www.jiosaavn.com/artist/jordan-k.-johnson-songs/9iT4-qqOwIM_",
          },
          {
            "id": "567384",
            "image": [
              {
                "quality": "50x50",
                "url": "https://c.saavncdn.com/675/Never-Tear-Us-Apart-English-2019-20190703230855-50x50.jpg",
              },
              {
                "quality": "150x150",
                "url": "https://c.saavncdn.com/675/Never-Tear-Us-Apart-English-2019-20190703230855-150x150.jpg",
              },
              {
                "quality": "500x500",
                "url": "https://c.saavncdn.com/675/Never-Tear-Us-Apart-English-2019-20190703230855-500x500.jpg",
              },
            ],
            "name": "Michael Hutchence",
            "role": "music",
            "type": "artist",
            "url": "https://www.jiosaavn.com/artist/michael-hutchence-songs/T-MHZIru9-Q_",
          },
          {
            "id": "672854",
            "image": [
              {
                "quality": "50x50",
                "url": "https://c.saavncdn.com/613/Sophia-Grace-Rosie-s-Royal-Adventure-English-2014-50x50.jpg",
              },
              {
                "quality": "150x150",
                "url": "https://c.saavncdn.com/613/Sophia-Grace-Rosie-s-Royal-Adventure-English-2014-150x150.jpg",
              },
              {
                "quality": "500x500",
                "url": "https://c.saavncdn.com/613/Sophia-Grace-Rosie-s-Royal-Adventure-English-2014-500x500.jpg",
              },
            ],
            "name": "Stefan Johnson",
            "role": "music",
            "type": "artist",
            "url": "https://www.jiosaavn.com/artist/stefan-johnson-songs/J2c,DBR4dso_",
          },
          {
            "id": "1274170",
            "image": [
              {
                "quality": "50x50",
                "url": "https://c.saavncdn.com/artists/Dua_Lipa_004_20231120090922_50x50.jpg",
              },
              {
                "quality": "150x150",
                "url": "https://c.saavncdn.com/artists/Dua_Lipa_004_20231120090922_150x150.jpg",
              },
              {
                "quality": "500x500",
                "url": "https://c.saavncdn.com/artists/Dua_Lipa_004_20231120090922_500x500.jpg",
              },
            ],
            "name": "Dua Lipa",
            "role": "singer",
            "type": "artist",
            "url": "https://www.jiosaavn.com/artist/dua-lipa-songs/r-OWIKgpX2I_",
          },
        ],
        "featured": [],
        "primary": [
          {
            "id": "1274170",
            "image": [
              {
                "quality": "50x50",
                "url": "https://c.saavncdn.com/artists/Dua_Lipa_004_20231120090922_50x50.jpg",
              },
              {
                "quality": "150x150",
                "url": "https://c.saavncdn.com/artists/Dua_Lipa_004_20231120090922_150x150.jpg",
              },
              {
                "quality": "500x500",
                "url": "https://c.saavncdn.com/artists/Dua_Lipa_004_20231120090922_500x500.jpg",
              },
            ],
            "name": "Dua Lipa",
            "role": "primary_artists",
            "type": "artist",
            "url": "https://www.jiosaavn.com/artist/dua-lipa-songs/r-OWIKgpX2I_",
          },
        ],
      },
      "copyright": "℗ 2020  Dua Lipa Limited under exclusive license to Warner Records UK, a division of Warner Music UK Limited",
      "downloadUrl": [
        {
          "quality": "12kbps",
          "url": "https://aac.saavncdn.com/665/bd2f1f23571e3b431bdc18d26d89ea25_12.mp4",
        },
        {
          "quality": "48kbps",
          "url": "https://aac.saavncdn.com/665/bd2f1f23571e3b431bdc18d26d89ea25_48.mp4",
        },
        {
          "quality": "96kbps",
          "url": "https://aac.saavncdn.com/665/bd2f1f23571e3b431bdc18d26d89ea25_96.mp4",
        },
        {
          "quality": "160kbps",
          "url": "https://aac.saavncdn.com/665/bd2f1f23571e3b431bdc18d26d89ea25_160.mp4",
        },
        {
          "quality": "320kbps",
          "url": "https://aac.saavncdn.com/665/bd2f1f23571e3b431bdc18d26d89ea25_320.mp4",
        },
      ],
      "duration": 221,
      "explicitContent": true,
      "hasLyrics": false,
      "id": "4u1DDB-A",
      "image": [
        {
          "quality": "50x50",
          "url": "https://c.saavncdn.com/665/Future-Nostalgia-English-2020-20231110075246-50x50.jpg",
        },
        {
          "quality": "150x150",
          "url": "https://c.saavncdn.com/665/Future-Nostalgia-English-2020-20231110075246-150x150.jpg",
        },
        {
          "quality": "500x500",
          "url": "https://c.saavncdn.com/665/Future-Nostalgia-English-2020-20231110075246-500x500.jpg",
        },
      ],
      "label": "Warner Records",
      "language": "english",
      "lyricsId": null,
      "name": "Break My Heart",
      "playCount": Any<Number>,
      "releaseDate": "2020-03-27",
      "type": "song",
      "url": "https://www.jiosaavn.com/song/break-my-heart/RB1adTByGnI",
      "year": 2020,
    },
    {
      "album": {
        "id": "23241654",
        "name": "Future Nostalgia",
        "url": "https://www.jiosaavn.com/album/future-nostalgia/ITIyo-GDr7A_",
      },
      "artists": {
        "all": [
          {
            "id": "2419724",
            "image": [],
            "name": "David Charles Marshall Biral",
            "role": "music",
            "type": "artist",
            "url": "https://www.jiosaavn.com/artist/david-charles-marshall-biral-songs/kbScH,rEjXM_",
          },
          {
            "id": "740123",
            "image": [],
            "name": "Denzel Michael-Akil Baptiste",
            "role": "music",
            "type": "artist",
            "url": "https://www.jiosaavn.com/artist/denzel-michael-akil-baptiste-songs/vJVWPosaO6Q_",
          },
          {
            "id": "1274170",
            "image": [
              {
                "quality": "50x50",
                "url": "https://c.saavncdn.com/artists/Dua_Lipa_004_20231120090922_50x50.jpg",
              },
              {
                "quality": "150x150",
                "url": "https://c.saavncdn.com/artists/Dua_Lipa_004_20231120090922_150x150.jpg",
              },
              {
                "quality": "500x500",
                "url": "https://c.saavncdn.com/artists/Dua_Lipa_004_20231120090922_500x500.jpg",
              },
            ],
            "name": "Dua Lipa",
            "role": "music",
            "type": "artist",
            "url": "https://www.jiosaavn.com/artist/dua-lipa-songs/r-OWIKgpX2I_",
          },
          {
            "id": "1290807",
            "image": [],
            "name": "Melanie Joy Fontana",
            "role": "music",
            "type": "artist",
            "url": "https://www.jiosaavn.com/artist/melanie-joy-fontana-songs/CNTyLC,YPis_",
          },
          {
            "id": "7493251",
            "image": [],
            "name": "Michel Lindgren Schulz",
            "role": "music",
            "type": "artist",
            "url": "https://www.jiosaavn.com/artist/michel-lindgren-schulz-songs/w-iIn-ycuSU_",
          },
          {
            "id": "4112470",
            "image": [],
            "name": "Taylor Upsahl",
            "role": "music",
            "type": "artist",
            "url": "https://www.jiosaavn.com/artist/taylor-upsahl-songs/lB3-4Mrcy0Q_",
          },
          {
            "id": "1274170",
            "image": [
              {
                "quality": "50x50",
                "url": "https://c.saavncdn.com/artists/Dua_Lipa_004_20231120090922_50x50.jpg",
              },
              {
                "quality": "150x150",
                "url": "https://c.saavncdn.com/artists/Dua_Lipa_004_20231120090922_150x150.jpg",
              },
              {
                "quality": "500x500",
                "url": "https://c.saavncdn.com/artists/Dua_Lipa_004_20231120090922_500x500.jpg",
              },
            ],
            "name": "Dua Lipa",
            "role": "singer",
            "type": "artist",
            "url": "https://www.jiosaavn.com/artist/dua-lipa-songs/r-OWIKgpX2I_",
          },
        ],
        "featured": [],
        "primary": [
          {
            "id": "1274170",
            "image": [
              {
                "quality": "50x50",
                "url": "https://c.saavncdn.com/artists/Dua_Lipa_004_20231120090922_50x50.jpg",
              },
              {
                "quality": "150x150",
                "url": "https://c.saavncdn.com/artists/Dua_Lipa_004_20231120090922_150x150.jpg",
              },
              {
                "quality": "500x500",
                "url": "https://c.saavncdn.com/artists/Dua_Lipa_004_20231120090922_500x500.jpg",
              },
            ],
            "name": "Dua Lipa",
            "role": "primary_artists",
            "type": "artist",
            "url": "https://www.jiosaavn.com/artist/dua-lipa-songs/r-OWIKgpX2I_",
          },
        ],
      },
      "copyright": "℗ 2020  Dua Lipa Limited under exclusive license to Warner Records UK, a division of Warner Music UK Limited",
      "downloadUrl": [
        {
          "quality": "12kbps",
          "url": "https://aac.saavncdn.com/665/aab5fcc51ccfff2d3b3f5d85c928348b_12.mp4",
        },
        {
          "quality": "48kbps",
          "url": "https://aac.saavncdn.com/665/aab5fcc51ccfff2d3b3f5d85c928348b_48.mp4",
        },
        {
          "quality": "96kbps",
          "url": "https://aac.saavncdn.com/665/aab5fcc51ccfff2d3b3f5d85c928348b_96.mp4",
        },
        {
          "quality": "160kbps",
          "url": "https://aac.saavncdn.com/665/aab5fcc51ccfff2d3b3f5d85c928348b_160.mp4",
        },
        {
          "quality": "320kbps",
          "url": "https://aac.saavncdn.com/665/aab5fcc51ccfff2d3b3f5d85c928348b_320.mp4",
        },
      ],
      "duration": 218,
      "explicitContent": true,
      "hasLyrics": false,
      "id": "_Rt0mBbB",
      "image": [
        {
          "quality": "50x50",
          "url": "https://c.saavncdn.com/665/Future-Nostalgia-English-2020-20231110075246-50x50.jpg",
        },
        {
          "quality": "150x150",
          "url": "https://c.saavncdn.com/665/Future-Nostalgia-English-2020-20231110075246-150x150.jpg",
        },
        {
          "quality": "500x500",
          "url": "https://c.saavncdn.com/665/Future-Nostalgia-English-2020-20231110075246-500x500.jpg",
        },
      ],
      "label": "Warner Records",
      "language": "english",
      "lyricsId": null,
      "name": "Good In Bed",
      "playCount": Any<Number>,
      "releaseDate": "2020-03-27",
      "type": "song",
      "url": "https://www.jiosaavn.com/song/good-in-bed/LzofARlyVXE",
      "year": 2020,
    },
    {
      "album": {
        "id": "23241654",
        "name": "Future Nostalgia",
        "url": "https://www.jiosaavn.com/album/future-nostalgia/ITIyo-GDr7A_",
      },
      "artists": {
        "all": [
          {
            "id": "1274170",
            "image": [
              {
                "quality": "50x50",
                "url": "https://c.saavncdn.com/artists/Dua_Lipa_004_20231120090922_50x50.jpg",
              },
              {
                "quality": "150x150",
                "url": "https://c.saavncdn.com/artists/Dua_Lipa_004_20231120090922_150x150.jpg",
              },
              {
                "quality": "500x500",
                "url": "https://c.saavncdn.com/artists/Dua_Lipa_004_20231120090922_500x500.jpg",
              },
            ],
            "name": "Dua Lipa",
            "role": "music",
            "type": "artist",
            "url": "https://www.jiosaavn.com/artist/dua-lipa-songs/r-OWIKgpX2I_",
          },
          {
            "id": "591993",
            "image": [
              {
                "quality": "50x50",
                "url": "https://c.saavncdn.com/949/Teen-Beach-Movie-English-2013-50x50.jpg",
              },
              {
                "quality": "150x150",
                "url": "https://c.saavncdn.com/949/Teen-Beach-Movie-English-2013-150x150.jpg",
              },
              {
                "quality": "500x500",
                "url": "https://c.saavncdn.com/949/Teen-Beach-Movie-English-2013-500x500.jpg",
              },
            ],
            "name": "Jason Evigan",
            "role": "music",
            "type": "artist",
            "url": "https://www.jiosaavn.com/artist/jason-evigan-songs/,zVmyXajdpg_",
          },
          {
            "id": "633532",
            "image": [
              {
                "quality": "50x50",
                "url": "https://c.saavncdn.com/916/The-Lego-Batman-Movie-Original-Motion-Picture-Soundtrack-English-2017-50x50.jpg",
              },
              {
                "quality": "150x150",
                "url": "https://c.saavncdn.com/916/The-Lego-Batman-Movie-Original-Motion-Picture-Soundtrack-English-2017-150x150.jpg",
              },
              {
                "quality": "500x500",
                "url": "https://c.saavncdn.com/916/The-Lego-Batman-Movie-Original-Motion-Picture-Soundtrack-English-2017-500x500.jpg",
              },
            ],
            "name": "Justin Tranter",
            "role": "music",
            "type": "artist",
            "url": "https://www.jiosaavn.com/artist/justin-tranter-songs/MUdaah321CU_",
          },
          {
            "id": "1986316",
            "image": [
              {
                "quality": "50x50",
                "url": "https://c.saavncdn.com/329/Last-Cigarette-English-2016-50x50.jpg",
              },
              {
                "quality": "150x150",
                "url": "https://c.saavncdn.com/329/Last-Cigarette-English-2016-150x150.jpg",
              },
              {
                "quality": "500x500",
                "url": "https://c.saavncdn.com/329/Last-Cigarette-English-2016-500x500.jpg",
              },
            ],
            "name": "Kennedi",
            "role": "music",
            "type": "artist",
            "url": "https://www.jiosaavn.com/artist/kennedi-songs/abSMdo,ClaQ_",
          },
          {
            "id": "1274170",
            "image": [
              {
                "quality": "50x50",
                "url": "https://c.saavncdn.com/artists/Dua_Lipa_004_20231120090922_50x50.jpg",
              },
              {
                "quality": "150x150",
                "url": "https://c.saavncdn.com/artists/Dua_Lipa_004_20231120090922_150x150.jpg",
              },
              {
                "quality": "500x500",
                "url": "https://c.saavncdn.com/artists/Dua_Lipa_004_20231120090922_500x500.jpg",
              },
            ],
            "name": "Dua Lipa",
            "role": "singer",
            "type": "artist",
            "url": "https://www.jiosaavn.com/artist/dua-lipa-songs/r-OWIKgpX2I_",
          },
        ],
        "featured": [],
        "primary": [
          {
            "id": "1274170",
            "image": [
              {
                "quality": "50x50",
                "url": "https://c.saavncdn.com/artists/Dua_Lipa_004_20231120090922_50x50.jpg",
              },
              {
                "quality": "150x150",
                "url": "https://c.saavncdn.com/artists/Dua_Lipa_004_20231120090922_150x150.jpg",
              },
              {
                "quality": "500x500",
                "url": "https://c.saavncdn.com/artists/Dua_Lipa_004_20231120090922_500x500.jpg",
              },
            ],
            "name": "Dua Lipa",
            "role": "primary_artists",
            "type": "artist",
            "url": "https://www.jiosaavn.com/artist/dua-lipa-songs/r-OWIKgpX2I_",
          },
        ],
      },
      "copyright": "℗ 2020 Dua Lipa Limited under exclusive license to Warner Records UK, a division of Warner Music UK Limited",
      "downloadUrl": [
        {
          "quality": "12kbps",
          "url": "https://aac.saavncdn.com/665/74e24626062bb7cfaad51b9747e82aa2_12.mp4",
        },
        {
          "quality": "48kbps",
          "url": "https://aac.saavncdn.com/665/74e24626062bb7cfaad51b9747e82aa2_48.mp4",
        },
        {
          "quality": "96kbps",
          "url": "https://aac.saavncdn.com/665/74e24626062bb7cfaad51b9747e82aa2_96.mp4",
        },
        {
          "quality": "160kbps",
          "url": "https://aac.saavncdn.com/665/74e24626062bb7cfaad51b9747e82aa2_160.mp4",
        },
        {
          "quality": "320kbps",
          "url": "https://aac.saavncdn.com/665/74e24626062bb7cfaad51b9747e82aa2_320.mp4",
        },
      ],
      "duration": 166,
      "explicitContent": true,
      "hasLyrics": false,
      "id": "jsR1-Gv1",
      "image": [
        {
          "quality": "50x50",
          "url": "https://c.saavncdn.com/665/Future-Nostalgia-English-2020-20231110075246-50x50.jpg",
        },
        {
          "quality": "150x150",
          "url": "https://c.saavncdn.com/665/Future-Nostalgia-English-2020-20231110075246-150x150.jpg",
        },
        {
          "quality": "500x500",
          "url": "https://c.saavncdn.com/665/Future-Nostalgia-English-2020-20231110075246-500x500.jpg",
        },
      ],
      "label": "Warner Records",
      "language": "english",
      "lyricsId": null,
      "name": "Boys Will Be Boys",
      "playCount": Any<Number>,
      "releaseDate": "2020-03-27",
      "type": "song",
      "url": "https://www.jiosaavn.com/song/boys-will-be-boys/Ghs5AFl3QQI",
      "year": 2020,
    },
    {
      "album": {
        "id": "23241654",
        "name": "Future Nostalgia",
        "url": "https://www.jiosaavn.com/album/future-nostalgia/ITIyo-GDr7A_",
      },
      "artists": {
        "all": [
          {
            "id": "573802",
            "image": [],
            "name": "Clarence Coffee Jr",
            "role": "music",
            "type": "artist",
            "url": "https://www.jiosaavn.com/artist/clarence-coffee-jr-songs/2mX96rBxCYU_",
          },
          {
            "id": "2436622",
            "image": [
              {
                "quality": "50x50",
                "url": "https://c.saavncdn.com/artists/DaBaby_003_20230627114405_50x50.jpg",
              },
              {
                "quality": "150x150",
                "url": "https://c.saavncdn.com/artists/DaBaby_003_20230627114405_150x150.jpg",
              },
              {
                "quality": "500x500",
                "url": "https://c.saavncdn.com/artists/DaBaby_003_20230627114405_500x500.jpg",
              },
            ],
            "name": "DaBaby",
            "role": "music",
            "type": "artist",
            "url": "https://www.jiosaavn.com/artist/dababy-songs/woXlnIzw1zU_",
          },
          {
            "id": "1274170",
            "image": [
              {
                "quality": "50x50",
                "url": "https://c.saavncdn.com/artists/Dua_Lipa_004_20231120090922_50x50.jpg",
              },
              {
                "quality": "150x150",
                "url": "https://c.saavncdn.com/artists/Dua_Lipa_004_20231120090922_150x150.jpg",
              },
              {
                "quality": "500x500",
                "url": "https://c.saavncdn.com/artists/Dua_Lipa_004_20231120090922_500x500.jpg",
              },
            ],
            "name": "Dua Lipa",
            "role": "music",
            "type": "artist",
            "url": "https://www.jiosaavn.com/artist/dua-lipa-songs/r-OWIKgpX2I_",
          },
          {
            "id": "702498",
            "image": [
              {
                "quality": "50x50",
                "url": "https://c.saavncdn.com/587/Gypsy-Girl-A-Cappella--English-2017-20191123100913-50x50.jpg",
              },
              {
                "quality": "150x150",
                "url": "https://c.saavncdn.com/587/Gypsy-Girl-A-Cappella--English-2017-20191123100913-150x150.jpg",
              },
              {
                "quality": "500x500",
                "url": "https://c.saavncdn.com/587/Gypsy-Girl-A-Cappella--English-2017-20191123100913-500x500.jpg",
              },
            ],
            "name": "Sarah Hudson",
            "role": "music",
            "type": "artist",
            "url": "https://www.jiosaavn.com/artist/sarah-hudson-songs/pW4Y,NKAPPI_",
          },
          {
            "id": "599533",
            "image": [],
            "name": "Stephen Kozmeniuk",
            "role": "music",
            "type": "artist",
            "url": "https://www.jiosaavn.com/artist/stephen-kozmeniuk-songs/lS1-2YuC5oc_",
          },
          {
            "id": "1274170",
            "image": [
              {
                "quality": "50x50",
                "url": "https://c.saavncdn.com/artists/Dua_Lipa_004_20231120090922_50x50.jpg",
              },
              {
                "quality": "150x150",
                "url": "https://c.saavncdn.com/artists/Dua_Lipa_004_20231120090922_150x150.jpg",
              },
              {
                "quality": "500x500",
                "url": "https://c.saavncdn.com/artists/Dua_Lipa_004_20231120090922_500x500.jpg",
              },
            ],
            "name": "Dua Lipa",
            "role": "singer",
            "type": "artist",
            "url": "https://www.jiosaavn.com/artist/dua-lipa-songs/r-OWIKgpX2I_",
          },
        ],
        "featured": [
          {
            "id": "2436622",
            "image": [
              {
                "quality": "50x50",
                "url": "https://c.saavncdn.com/artists/DaBaby_003_20230627114405_50x50.jpg",
              },
              {
                "quality": "150x150",
                "url": "https://c.saavncdn.com/artists/DaBaby_003_20230627114405_150x150.jpg",
              },
              {
                "quality": "500x500",
                "url": "https://c.saavncdn.com/artists/DaBaby_003_20230627114405_500x500.jpg",
              },
            ],
            "name": "DaBaby",
            "role": "featured_artists",
            "type": "artist",
            "url": "https://www.jiosaavn.com/artist/dababy-songs/woXlnIzw1zU_",
          },
        ],
        "primary": [
          {
            "id": "1274170",
            "image": [
              {
                "quality": "50x50",
                "url": "https://c.saavncdn.com/artists/Dua_Lipa_004_20231120090922_50x50.jpg",
              },
              {
                "quality": "150x150",
                "url": "https://c.saavncdn.com/artists/Dua_Lipa_004_20231120090922_150x150.jpg",
              },
              {
                "quality": "500x500",
                "url": "https://c.saavncdn.com/artists/Dua_Lipa_004_20231120090922_500x500.jpg",
              },
            ],
            "name": "Dua Lipa",
            "role": "primary_artists",
            "type": "artist",
            "url": "https://www.jiosaavn.com/artist/dua-lipa-songs/r-OWIKgpX2I_",
          },
        ],
      },
      "copyright": "Under exclusive license to Warner Records UK, a division of Warner Music UK Limited, ℗ 2020  Dua Lipa Limited",
      "downloadUrl": [
        {
          "quality": "12kbps",
          "url": "https://aac.saavncdn.com/665/5337f5fb815b0c325bc786e1ba80edac_12.mp4",
        },
        {
          "quality": "48kbps",
          "url": "https://aac.saavncdn.com/665/5337f5fb815b0c325bc786e1ba80edac_48.mp4",
        },
        {
          "quality": "96kbps",
          "url": "https://aac.saavncdn.com/665/5337f5fb815b0c325bc786e1ba80edac_96.mp4",
        },
        {
          "quality": "160kbps",
          "url": "https://aac.saavncdn.com/665/5337f5fb815b0c325bc786e1ba80edac_160.mp4",
        },
        {
          "quality": "320kbps",
          "url": "https://aac.saavncdn.com/665/5337f5fb815b0c325bc786e1ba80edac_320.mp4",
        },
      ],
      "duration": 203,
      "explicitContent": true,
      "hasLyrics": false,
      "id": "Aw1lYnno",
      "image": [
        {
          "quality": "50x50",
          "url": "https://c.saavncdn.com/665/Future-Nostalgia-English-2020-20231110075246-50x50.jpg",
        },
        {
          "quality": "150x150",
          "url": "https://c.saavncdn.com/665/Future-Nostalgia-English-2020-20231110075246-150x150.jpg",
        },
        {
          "quality": "500x500",
          "url": "https://c.saavncdn.com/665/Future-Nostalgia-English-2020-20231110075246-500x500.jpg",
        },
      ],
      "label": "Warner Records",
      "language": "english",
      "lyricsId": null,
      "name": "Levitating (feat. DaBaby)",
      "playCount": Any<Number>,
      "releaseDate": "2020-03-27",
      "type": "song",
      "url": "https://www.jiosaavn.com/song/levitating-feat.-dababy/MR9aXS1eWVw",
      "year": 2020,
    },
    {
      "album": {
        "id": "23241654",
        "name": "Future Nostalgia",
        "url": "https://www.jiosaavn.com/album/future-nostalgia/ITIyo-GDr7A_",
      },
      "artists": {
        "all": [
          {
            "id": "2061563",
            "image": [
              {
                "quality": "50x50",
                "url": "https://c.saavncdn.com/566/La-Thune-French-2018-20180618230755-50x50.jpg",
              },
              {
                "quality": "150x150",
                "url": "https://c.saavncdn.com/566/La-Thune-French-2018-20180618230755-150x150.jpg",
              },
              {
                "quality": "500x500",
                "url": "https://c.saavncdn.com/566/La-Thune-French-2018-20180618230755-500x500.jpg",
              },
            ],
            "name": "Angele",
            "role": "music",
            "type": "artist",
            "url": "https://www.jiosaavn.com/artist/angele-songs/CTAPmcDBz3g_",
          },
          {
            "id": "776593",
            "image": [],
            "name": "Caroline Ailin",
            "role": "music",
            "type": "artist",
            "url": "https://www.jiosaavn.com/artist/caroline-ailin-songs/ksTT3ixnrvU_",
          },
          {
            "id": "1274170",
            "image": [
              {
                "quality": "50x50",
                "url": "https://c.saavncdn.com/artists/Dua_Lipa_004_20231120090922_50x50.jpg",
              },
              {
                "quality": "150x150",
                "url": "https://c.saavncdn.com/artists/Dua_Lipa_004_20231120090922_150x150.jpg",
              },
              {
                "quality": "500x500",
                "url": "https://c.saavncdn.com/artists/Dua_Lipa_004_20231120090922_500x500.jpg",
              },
            ],
            "name": "Dua Lipa",
            "role": "music",
            "type": "artist",
            "url": "https://www.jiosaavn.com/artist/dua-lipa-songs/r-OWIKgpX2I_",
          },
          {
            "id": "577489",
            "image": [],
            "name": "Ian Kirkpatrick",
            "role": "music",
            "type": "artist",
            "url": "https://www.jiosaavn.com/artist/ian-kirkpatrick-songs/zsvJSi5q-As_",
          },
          {
            "id": "570206",
            "image": [],
            "name": "Jacob Kasher Hindlin",
            "role": "music",
            "type": "artist",
            "url": "https://www.jiosaavn.com/artist/jacob-kasher-hindlin-songs/anqSKuozjn0_",
          },
          {
            "id": "672852",
            "image": [
              {
                "quality": "50x50",
                "url": "https://c.saavncdn.com/artists/Julia_Michaels_20200220103730_50x50.jpg",
              },
              {
                "quality": "150x150",
                "url": "https://c.saavncdn.com/artists/Julia_Michaels_20200220103730_150x150.jpg",
              },
              {
                "quality": "500x500",
                "url": "https://c.saavncdn.com/artists/Julia_Michaels_20200220103730_500x500.jpg",
              },
            ],
            "name": "Julia Michaels",
            "role": "music",
            "type": "artist",
            "url": "https://www.jiosaavn.com/artist/julia-michaels-songs/OboBJBVTzgs_",
          },
          {
            "id": "1274170",
            "image": [
              {
                "quality": "50x50",
                "url": "https://c.saavncdn.com/artists/Dua_Lipa_004_20231120090922_50x50.jpg",
              },
              {
                "quality": "150x150",
                "url": "https://c.saavncdn.com/artists/Dua_Lipa_004_20231120090922_150x150.jpg",
              },
              {
                "quality": "500x500",
                "url": "https://c.saavncdn.com/artists/Dua_Lipa_004_20231120090922_500x500.jpg",
              },
            ],
            "name": "Dua Lipa",
            "role": "singer",
            "type": "artist",
            "url": "https://www.jiosaavn.com/artist/dua-lipa-songs/r-OWIKgpX2I_",
          },
          {
            "id": "2061563",
            "image": [
              {
                "quality": "50x50",
                "url": "https://c.saavncdn.com/566/La-Thune-French-2018-20180618230755-50x50.jpg",
              },
              {
                "quality": "150x150",
                "url": "https://c.saavncdn.com/566/La-Thune-French-2018-20180618230755-150x150.jpg",
              },
              {
                "quality": "500x500",
                "url": "https://c.saavncdn.com/566/La-Thune-French-2018-20180618230755-500x500.jpg",
              },
            ],
            "name": "Angele",
            "role": "singer",
            "type": "artist",
            "url": "https://www.jiosaavn.com/artist/angele-songs/CTAPmcDBz3g_",
          },
        ],
        "featured": [],
        "primary": [
          {
            "id": "1274170",
            "image": [
              {
                "quality": "50x50",
                "url": "https://c.saavncdn.com/artists/Dua_Lipa_004_20231120090922_50x50.jpg",
              },
              {
                "quality": "150x150",
                "url": "https://c.saavncdn.com/artists/Dua_Lipa_004_20231120090922_150x150.jpg",
              },
              {
                "quality": "500x500",
                "url": "https://c.saavncdn.com/artists/Dua_Lipa_004_20231120090922_500x500.jpg",
              },
            ],
            "name": "Dua Lipa",
            "role": "primary_artists",
            "type": "artist",
            "url": "https://www.jiosaavn.com/artist/dua-lipa-songs/r-OWIKgpX2I_",
          },
          {
            "id": "2061563",
            "image": [
              {
                "quality": "50x50",
                "url": "https://c.saavncdn.com/566/La-Thune-French-2018-20180618230755-50x50.jpg",
              },
              {
                "quality": "150x150",
                "url": "https://c.saavncdn.com/566/La-Thune-French-2018-20180618230755-150x150.jpg",
              },
              {
                "quality": "500x500",
                "url": "https://c.saavncdn.com/566/La-Thune-French-2018-20180618230755-500x500.jpg",
              },
            ],
            "name": "Angele",
            "role": "primary_artists",
            "type": "artist",
            "url": "https://www.jiosaavn.com/artist/angele-songs/CTAPmcDBz3g_",
          },
        ],
      },
      "copyright": "Under exclusive license to Warner Records UK, a division of Warner Music UK Limited, ℗ 2020  Dua Lipa Limited",
      "downloadUrl": [
        {
          "quality": "12kbps",
          "url": "https://aac.saavncdn.com/665/ef0d0d9cf51f9e388d54f1057025e35f_12.mp4",
        },
        {
          "quality": "48kbps",
          "url": "https://aac.saavncdn.com/665/ef0d0d9cf51f9e388d54f1057025e35f_48.mp4",
        },
        {
          "quality": "96kbps",
          "url": "https://aac.saavncdn.com/665/ef0d0d9cf51f9e388d54f1057025e35f_96.mp4",
        },
        {
          "quality": "160kbps",
          "url": "https://aac.saavncdn.com/665/ef0d0d9cf51f9e388d54f1057025e35f_160.mp4",
        },
        {
          "quality": "320kbps",
          "url": "https://aac.saavncdn.com/665/ef0d0d9cf51f9e388d54f1057025e35f_320.mp4",
        },
      ],
      "duration": 156,
      "explicitContent": true,
      "hasLyrics": false,
      "id": "3UD1H82b",
      "image": [
        {
          "quality": "50x50",
          "url": "https://c.saavncdn.com/665/Future-Nostalgia-English-2020-20231110075246-50x50.jpg",
        },
        {
          "quality": "150x150",
          "url": "https://c.saavncdn.com/665/Future-Nostalgia-English-2020-20231110075246-150x150.jpg",
        },
        {
          "quality": "500x500",
          "url": "https://c.saavncdn.com/665/Future-Nostalgia-English-2020-20231110075246-500x500.jpg",
        },
      ],
      "label": "Warner Records",
      "language": "english",
      "lyricsId": null,
      "name": "Fever",
      "playCount": Any<Number>,
      "releaseDate": "2020-03-27",
      "type": "song",
      "url": "https://www.jiosaavn.com/song/fever/Qz0vADwIBVE",
      "year": 2020,
    },
  ],
  "type": "album",
  "url": "https://www.jiosaavn.com/album/future-nostalgia/ITIyo-GDr7A_",
  "year": 2020,
}
`;
